ARM Linker, 5.02 [Build 28] [MDK-ARM Standard]

==============================================================================

Section Cross References

    system_stm32f10x.o(.text) refers to system_stm32f10x.o(.data) for SystemCoreClock
    stm32f10x_gpio.o(.text) refers to stm32f10x_rcc.o(.text) for RCC_APB2PeriphResetCmd
    stm32f10x_rcc.o(.text) refers to stm32f10x_rcc.o(.data) for APBAHBPrescTable
    stm32f10x_spi.o(.text) refers to stm32f10x_rcc.o(.text) for RCC_APB2PeriphResetCmd
    stm32f10x_usart.o(.text) refers to stm32f10x_rcc.o(.text) for RCC_APB2PeriphResetCmd
    stm32f10x_adc.o(.text) refers to stm32f10x_rcc.o(.text) for RCC_APB2PeriphResetCmd
    stm32f10x_tim.o(.text) refers to stm32f10x_rcc.o(.text) for RCC_APB2PeriphResetCmd
    startup_stm32f10x_cl.o(STACK) refers (Special) to heapauxi.o(.text) for __use_two_region_memory
    startup_stm32f10x_cl.o(HEAP) refers (Special) to heapauxi.o(.text) for __use_two_region_memory
    startup_stm32f10x_cl.o(RESET) refers (Special) to heapauxi.o(.text) for __use_two_region_memory
    startup_stm32f10x_cl.o(RESET) refers to startup_stm32f10x_cl.o(STACK) for __initial_sp
    startup_stm32f10x_cl.o(RESET) refers to startup_stm32f10x_cl.o(.text) for Reset_Handler
    startup_stm32f10x_cl.o(RESET) refers to stm32f10x_it.o(.text) for NMI_Handler
    startup_stm32f10x_cl.o(.text) refers (Special) to heapauxi.o(.text) for __use_two_region_memory
    startup_stm32f10x_cl.o(.text) refers to system_stm32f10x.o(.text) for SystemInit
    startup_stm32f10x_cl.o(.text) refers to __main.o(!!!main) for __main
    startup_stm32f10x_cl.o(.text) refers to startup_stm32f10x_cl.o(HEAP) for Heap_Mem
    startup_stm32f10x_cl.o(.text) refers to startup_stm32f10x_cl.o(STACK) for Stack_Mem
    main.o(.text) refers to ini.o(.text) for sys_ini
    main.o(.text) refers to stm32f10x_gpio.o(.text) for GPIO_SetBits
    main.o(.text) refers to lcd.o(.text) for Lcd_Init
    main.o(.text) refers to stm32f10x_adc.o(.text) for ADC_GetConversionValue
    main.o(.text) refers to touch.o(.text) for Read_ADS
    main.o(.text) refers to stm32f10x_dma.o(.text) for DMA_GetFlagStatus
    main.o(.text) refers to cr4_fft_1024_stm32.o(.text) for cr4_fft_1024_stm32
    main.o(.text) refers to fft.o(.text) for GetPowerMag
    main.o(.text) refers to ini.o(.bss) for ADC_Value
    main.o(.text) refers to main.o(.bss) for wav_data
    main.o(.text) refers to fft.o(.bss) for lBufOutArray
    ini.o(.text) refers to stm32f10x_rcc.o(.text) for RCC_DeInit
    ini.o(.text) refers to stm32f10x_gpio.o(.text) for GPIO_PinRemapConfig
    ini.o(.text) refers to stm32f10x_usart.o(.text) for USART_Init
    ini.o(.text) refers to stm32f10x_adc.o(.text) for ADC_DeInit
    ini.o(.text) refers to stm32f10x_dma.o(.text) for DMA_DeInit
    ini.o(.text) refers to stm32f10x_tim.o(.text) for TIM_TimeBaseStructInit
    ini.o(.text) refers to ini.o(.bss) for ADC_Value
    lcd.o(.text) refers to stm32f10x_gpio.o(.text) for GPIO_Write
    lcd.o(.text) refers to lcd.o(.data) for POINT_COLOR
    lcd.o(.text) refers to fmul.o(x$fpl$fmul) for __aeabi_fmul
    lcd.o(.text) refers to ffix.o(x$fpl$ffix) for __aeabi_f2iz
    lcd.o(.text) refers to fdiv.o(x$fpl$fdiv) for __aeabi_fdiv
    lcd.o(.text) refers to ffixu.o(x$fpl$ffixu) for __aeabi_f2uiz
    touch.o(.text) refers to stm32f10x_gpio.o(.text) for GPIO_SetBits
    fft.o(.text) refers to fflt_clz.o(x$fpl$fflt) for __aeabi_i2f
    fft.o(.text) refers to fmul.o(x$fpl$fmul) for __aeabi_fmul
    fft.o(.text) refers to fdiv.o(x$fpl$fdiv) for __aeabi_fdiv
    fft.o(.text) refers to faddsub_clz.o(x$fpl$fadd) for __aeabi_fadd
    fft.o(.text) refers to f2d.o(x$fpl$f2d) for __aeabi_f2d
    fft.o(.text) refers to sqrt.o(i.sqrt) for sqrt
    fft.o(.text) refers to ddiv.o(x$fpl$ddiv) for __aeabi_ddiv
    fft.o(.text) refers to d2f.o(x$fpl$d2f) for __aeabi_d2f
    fft.o(.text) refers to ffixu.o(x$fpl$ffixu) for __aeabi_f2uiz
    fft.o(.text) refers to fft.o(.bss) for lBufOutArray
    __main.o(!!!main) refers to rtentry.o(.ARM.Collect$$rtentry$$00000000) for __rt_entry
    d2f.o(x$fpl$d2f) refers (Special) to usenofp.o(x$fpl$usenofp) for __I$use$fp
    d2f.o(x$fpl$d2f) refers to fretinf.o(x$fpl$fretinf) for __fpl_fretinf
    d2f.o(x$fpl$d2f) refers to dnaninf.o(x$fpl$dnaninf) for __fpl_dnaninf
    ddiv.o(x$fpl$drdiv) refers (Special) to usenofp.o(x$fpl$usenofp) for __I$use$fp
    ddiv.o(x$fpl$drdiv) refers to ddiv.o(x$fpl$ddiv) for ddiv_entry
    ddiv.o(x$fpl$ddiv) refers (Special) to usenofp.o(x$fpl$usenofp) for __I$use$fp
    ddiv.o(x$fpl$ddiv) refers to dretinf.o(x$fpl$dretinf) for __fpl_dretinf
    ddiv.o(x$fpl$ddiv) refers to dnaninf.o(x$fpl$dnaninf) for __fpl_dnaninf
    f2d.o(x$fpl$f2d) refers (Special) to usenofp.o(x$fpl$usenofp) for __I$use$fp
    f2d.o(x$fpl$f2d) refers to fnaninf.o(x$fpl$fnaninf) for __fpl_fnaninf
    f2d.o(x$fpl$f2d) refers to dretinf.o(x$fpl$dretinf) for __fpl_dretinf
    faddsub_clz.o(x$fpl$fadd) refers (Special) to usenofp.o(x$fpl$usenofp) for __I$use$fp
[...]
    rtentry4.o(.ARM.exidx) refers to rtentry4.o(.ARM.Collect$$rtentry$$00000004) for .ARM.Collect$$rtentry$$00000004
    rt_errno_addr.o(.text) refers to rt_errno_addr.o(.bss) for __aeabi_errno_addr_data
    rt_errno_addr_intlibspace.o(.text) refers to libspace.o(.bss) for __libspace_start
    dcmpi.o(x$fpl$dcmpinf) refers (Special) to usenofp.o(x$fpl$usenofp) for __I$use$fp
    libspace.o(.text) refers to libspace.o(.bss) for __libspace_start
    sys_stackheap_outer.o(.text) refers to libspace.o(.text) for __user_perproc_libspace
    sys_stackheap_outer.o(.text) refers to startup_stm32f10x_cl.o(.text) for __user_initial_stackheap
    exit.o(.text) refers to rtexit.o(.ARM.Collect$$rtexit$$00000000) for __rt_exit
    libinit.o(.ARM.Collect$$libinit$$00000000) refers (Special) to libinit2.o(.ARM.Collect$$libinit$$0000002C) for __rt_lib_init_alloca_1
    libinit.o(.ARM.Collect$$libinit$$00000000) refers (Special) to libinit2.o(.ARM.Collect$$libinit$$0000002A) for __rt_lib_init_argv_1
    libinit.o(.ARM.Collect$$libinit$$00000000) refers (Special) to libinit2.o(.ARM.Collect$$libinit$$00000019) for __rt_lib_init_atexit_1
    libinit.o(.ARM.Collect$$libinit$$00000000) refers (Special) to libinit2.o(.ARM.Collect$$libinit$$0000001F) for __rt_lib_init_clock_1
    libinit.o(.ARM.Collect$$libinit$$00000000) refers (Special) to libinit2.o(.ARM.Collect$$libinit$$00000030) for __rt_lib_init_cpp_1
    libinit.o(.ARM.Collect$$libinit$$00000000) refers (Special) to libinit2.o(.ARM.Collect$$libinit$$0000002E) for __rt_lib_init_exceptions_1
    libinit.o(.ARM.Collect$$libinit$$00000000) refers (Special) to libinit2.o(.ARM.Collect$$libinit$$00000002) for __rt_lib_init_fp_1
    libinit.o(.ARM.Collect$$libinit$$00000000) refers (Special) to libinit2.o(.ARM.Collect$$libinit$$0000001D) for __rt_lib_init_fp_trap_1
    libinit.o(.ARM.Collect$$libinit$$00000000) refers (Special) to libinit2.o(.ARM.Collect$$libinit$$00000021) for __rt_lib_init_getenv_1
    libinit.o(.ARM.Collect$$libinit$$00000000) refers (Special) to libinit2.o(.ARM.Collect$$libinit$$00000008) for __rt_lib_init_heap_1
    libinit.o(.ARM.Collect$$libinit$$00000000) refers (Special) to libinit2.o(.ARM.Collect$$libinit$$0000000F) for __rt_lib_init_lc_collate_1
    libinit.o(.ARM.Collect$$libinit$$00000000) refers (Special) to libinit2.o(.ARM.Collect$$libinit$$00000011) for __rt_lib_init_lc_ctype_1
    libinit.o(.ARM.Collect$$libinit$$00000000) refers (Special) to libinit2.o(.ARM.Collect$$libinit$$00000013) for __rt_lib_init_lc_monetary_1
    libinit.o(.ARM.Collect$$libinit$$00000000) refers (Special) to libinit2.o(.ARM.Collect$$libinit$$00000015) for __rt_lib_init_lc_numeric_1
    libinit.o(.ARM.Collect$$libinit$$00000000) refers (Special) to libinit2.o(.ARM.Collect$$libinit$$00000017) for __rt_lib_init_lc_time_1
    libinit.o(.ARM.Collect$$libinit$$00000000) refers (Special) to libinit2.o(.ARM.Collect$$libinit$$0000000C) for __rt_lib_init_rand_1
    libinit.o(.ARM.Collect$$libinit$$00000000) refers (Special) to libinit2.o(.ARM.Collect$$libinit$$00000031) for __rt_lib_init_return
    libinit.o(.ARM.Collect$$libinit$$00000000) refers (Special) to libinit2.o(.ARM.Collect$$libinit$$0000001B) for __rt_lib_init_signal_1
    libinit.o(.ARM.Collect$$libinit$$00000000) refers (Special) to libinit2.o(.ARM.Collect$$libinit$$00000023) for __rt_lib_init_stdio_1
    libinit.o(.ARM.Collect$$libinit$$00000000) refers (Special) to libinit2.o(.ARM.Collect$$libinit$$0000000A) for __rt_lib_init_user_alloc_1
    rtexit.o(.ARM.Collect$$rtexit$$00000000) refers (Special) to rtexit2.o(.ARM.Collect$$rtexit$$00000004) for __rt_exit_exit
    rtexit.o(.ARM.Collect$$rtexit$$00000000) refers (Special) to rtexit2.o(.ARM.Collect$$rtexit$$00000003) for __rt_exit_ls
    rtexit.o(.ARM.Collect$$rtexit$$00000000) refers (Special) to rtexit2.o(.ARM.Collect$$rtexit$$00000002) for __rt_exit_prels_1
    rtexit.o(.ARM.exidx) refers (Special) to rtexit2.o(.ARM.Collect$$rtexit$$00000004) for __rt_exit_exit
    rtexit.o(.ARM.exidx) refers (Special) to rtexit2.o(.ARM.Collect$$rtexit$$00000003) for __rt_exit_ls
    rtexit.o(.ARM.exidx) refers (Special) to rtexit2.o(.ARM.Collect$$rtexit$$00000002) for __rt_exit_prels_1
    rtexit.o(.ARM.exidx) refers to rtexit.o(.ARM.Collect$$rtexit$$00000000) for .ARM.Collect$$rtexit$$00000000
    libinit2.o(.ARM.Collect$$libinit$$0000000E) refers to libinit2.o(.ARM.Collect$$libinit$$0000000D) for .ARM.Collect$$libinit$$0000000D
    libinit2.o(.ARM.Collect$$libinit$$00000010) refers to libinit2.o(.ARM.Collect$$libinit$$0000000D) for .ARM.Collect$$libinit$$0000000D
    libinit2.o(.ARM.Collect$$libinit$$00000012) refers to libinit2.o(.ARM.Collect$$libinit$$0000000D) for .ARM.Collect$$libinit$$0000000D
    libinit2.o(.ARM.Collect$$libinit$$00000014) refers to libinit2.o(.ARM.Collect$$libinit$$0000000D) for .ARM.Collect$$libinit$$0000000D
    libinit2.o(.ARM.Collect$$libinit$$00000016) refers to libinit2.o(.ARM.Collect$$libinit$$0000000D) for .ARM.Collect$$libinit$$0000000D
    libinit2.o(.ARM.Collect$$libinit$$00000024) refers to argv_veneer.o(.emb_text) for __ARM_argv_veneer
    libinit2.o(.ARM.Collect$$libinit$$00000025) refers to argv_veneer.o(.emb_text) for __ARM_argv_veneer
    rtexit2.o(.ARM.Collect$$rtexit$$00000003) refers to libshutdown.o(.ARM.Collect$$libshutdown$$00000000) for __rt_lib_shutdown
    rtexit2.o(.ARM.Collect$$rtexit$$00000004) refers to sys_exit.o(.text) for _sys_exit
    rtexit2.o(.ARM.exidx) refers to rtexit2.o(.ARM.Collect$$rtexit$$00000001) for .ARM.Collect$$rtexit$$00000001
    rtexit2.o(.ARM.exidx) refers to rtexit2.o(.ARM.Collect$$rtexit$$00000003) for .ARM.Collect$$rtexit$$00000003
    rtexit2.o(.ARM.exidx) refers to rtexit2.o(.ARM.Collect$$rtexit$$00000004) for .ARM.Collect$$rtexit$$00000004
    argv_veneer.o(.emb_text) refers to no_argv.o(.text) for __ARM_get_argv
    sys_exit.o(.text) refers (Special) to use_no_semi.o(.text) for __I$use$semihosting
    sys_exit.o(.text) refers (Special) to indicate_semi.o(.text) for __semihosting_library_function
    _get_argv_nomalloc.o(.text) refers (Special) to hrguard.o(.text) for __heap_region$guard
    _get_argv_nomalloc.o(.text) refers to defsig_rtmem_outer.o(.text) for __rt_SIGRTMEM
    _get_argv_nomalloc.o(.text) refers to sys_command.o(.text) for _sys_command_string
    libshutdown.o(.ARM.Collect$$libshutdown$$00000000) refers (Special) to libshutdown2.o(.ARM.Collect$$libshutdown$$00000006) for __rt_lib_shutdown_fp_trap_1
    libshutdown.o(.ARM.Collect$$libshutdown$$00000000) refers (Special) to libshutdown2.o(.ARM.Collect$$libshutdown$$0000000E) for __rt_lib_shutdown_heap_1
    libshutdown.o(.ARM.Collect$$libshutdown$$00000000) refers (Special) to libshutdown2.o(.ARM.Collect$$libshutdown$$0000000F) for __rt_lib_shutdown_return
    libshutdown.o(.ARM.Collect$$libshutdown$$00000000) refers (Special) to libshutdown2.o(.ARM.Collect$$libshutdown$$00000009) for __rt_lib_shutdown_signal_1
    libshutdown.o(.ARM.Collect$$libshutdown$$00000000) refers (Special) to libshutdown2.o(.ARM.Collect$$libshutdown$$00000003) for __rt_lib_shutdown_stdio_1
    libshutdown.o(.ARM.Collect$$libshutdown$$00000000) refers (Special) to libshutdown2.o(.ARM.Collect$$libshutdown$$0000000B) for __rt_lib_shutdown_user_alloc_1
    sys_command.o(.text) refers (Special) to use_no_semi.o(.text) for __I$use$semihosting
    sys_command.o(.text) refers (Special) to indicate_semi.o(.text) for __semihosting_library_function
    defsig_rtmem_outer.o(.text) refers to defsig_rtmem_inner.o(.text) for __rt_SIGRTMEM_inner
    defsig_rtmem_outer.o(.text) refers to defsig_exit.o(.text) for __sig_exit
    defsig_rtmem_formal.o(.text) refers to rt_raise.o(.text) for __rt_raise
    rt_raise.o(.text) refers to __raise.o(.text) for __raise
    rt_raise.o(.text) refers to sys_exit.o(.text) for _sys_exit
    defsig_exit.o(.text) refers to sys_exit.o(.text) for _sys_exit
    defsig_rtmem_inner.o(.text) refers to defsig_general.o(.text) for __default_signal_display
    __raise.o(.text) refers to defsig.o(CL$$defsig) for __default_signal_handler
    defsig_general.o(.text) refers to sys_wrch.o(.text) for _ttywrch
    sys_wrch.o(.text) refers (Special) to use_no_semi.o(.text) for __I$use$semihosting
    sys_wrch.o(.text) refers (Special) to indicate_semi.o(.text) for __semihosting_library_function
    defsig.o(CL$$defsig) refers to defsig_rtmem_inner.o(.text) for __rt_SIGRTMEM_inner
    defsig_abrt_inner.o(.text) refers to defsig_general.o(.text) for __default_signal_display
    defsig_fpe_inner.o(.text) refers to defsig_general.o(.text) for __default_signal_display
    defsig_rtred_inner.o(.text) refers to defsig_general.o(.text) for __default_signal_display
    defsig_stak_inner.o(.text) refers to defsig_general.o(.text) for __default_signal_display
    defsig_pvfn_inner.o(.text) refers to defsig_general.o(.text) for __default_signal_display
    defsig_cppl_inner.o(.text) refers to defsig_general.o(.text) for __default_signal_display
    defsig_segv_inner.o(.text) refers to defsig_general.o(.text) for __default_signal_display
    defsig_other.o(.text) refers to defsig_general.o(.text) for __default_signal_display


==============================================================================

Removing Unused input sections from the image.

    Removing core_cm3.o(.emb_text), (32 bytes).
    Removing misc.o(.text), (220 bytes).
    Removing stm32f10x_spi.o(.text), (852 bytes).
    Removing stm32f10x_exti.o(.text), (284 bytes).
    Removing touch.o(.data), (8 bytes).

5 unused section(s) (total 1396 bytes) removed from the image.

==============================================================================

Image Symbol Table

    Local Symbols

    Symbol Name                              Value     Ov Type        Size  Object(Section)

    ../clib/angel/boardlib.s                 0x00000000   Number         0  boardinit2.o ABSOLUTE
    ../clib/angel/boardlib.s                 0x00000000   Number         0  boardinit3.o ABSOLUTE
    ../clib/angel/boardlib.s                 0x00000000   Number         0  boardshut.o ABSOLUTE
    ../clib/angel/boardlib.s                 0x00000000   Number         0  boardinit1.o ABSOLUTE
    ../clib/angel/dczerorl2.s                0x00000000   Number         0  __dczerorl2.o ABSOLUTE
    ../clib/angel/handlers.s                 0x00000000   Number         0  __scatter_zi.o ABSOLUTE
    ../clib/angel/kernel.s                   0x00000000   Number         0  rtexit2.o ABSOLUTE
    ../clib/angel/kernel.s                   0x00000000   Number         0  rtentry2.o ABSOLUTE
    ../clib/angel/kernel.s                   0x00000000   Number         0  rtentry.o ABSOLUTE
    ../clib/angel/kernel.s                   0x00000000   Number         0  rtexit.o ABSOLUTE
    ../clib/angel/kernel.s                   0x00000000   Number         0  rtentry4.o ABSOLUTE
    ../clib/angel/rt.s                       0x00000000   Number         0  rt_errno_addr_intlibspace.o ABSOLUTE
    ../clib/angel/rt.s                       0x00000000   Number         0  rt_raise.o ABSOLUTE
    ../clib/angel/rt.s                       0x00000000   Number         0  rt_errno_addr.o ABSOLUTE
    ../clib/angel/scatter.s                  0x00000000   Number         0  __scatter.o ABSOLUTE
    ../clib/angel/startup.s                  0x00000000   Number         0  __main.o ABSOLUTE
    ../clib/angel/sys.s                      0x00000000   Number         0  libspace.o ABSOLUTE
    ../clib/angel/sys.s                      0x00000000   Number         0  use_no_semi.o ABSOLUTE
    ../clib/angel/sys.s                      0x00000000   Number         0  indicate_semi.o ABSOLUTE
    ../clib/angel/sys.s                      0x00000000   Number         0  sys_stackheap_outer.o ABSOLUTE
    ../clib/angel/sysapp.c                   0x00000000   Number         0  sys_exit.o ABSOLUTE
    ../clib/angel/sysapp.c                   0x00000000   Number         0  sys_wrch.o ABSOLUTE
    ../clib/angel/sysapp.c                   0x00000000   Number         0  sys_command.o ABSOLUTE
    ../clib/armsys.c                         0x00000000   Number         0  no_argv.o ABSOLUTE
    ../clib/armsys.c                         0x00000000   Number         0  argv_veneer.o ABSOLUTE
    ../clib/armsys.c                         0x00000000   Number         0  argv_veneer.o ABSOLUTE
    ../clib/armsys.c                         0x00000000   Number         0  _get_argv_nomalloc.o ABSOLUTE
    ../clib/fenv.c                           0x00000000   Number         0  _rserrno.o ABSOLUTE
    ../clib/heapalloc.c                      0x00000000   Number         0  hrguard.o ABSOLUTE
    ../clib/heapaux.c                        0x00000000   Number         0  heapauxi.o ABSOLUTE
    ../clib/libinit.s                        0x00000000   Number         0  libshutdown.o ABSOLUTE
    ../clib/libinit.s                        0x00000000   Number         0  libshutdown2.o ABSOLUTE
    ../clib/libinit.s                        0x00000000   Number         0  libinit.o ABSOLUTE
    ../clib/libinit.s                        0x00000000   Number         0  libinit2.o ABSOLUTE
    ../clib/signal.c                         0x00000000   Number         0  defsig_other.o ABSOLUTE
    ../clib/signal.c                         0x00000000   Number         0  defsig_rtmem_inner.o ABSOLUTE
    ../clib/signal.c                         0x00000000   Number         0  defsig_exit.o ABSOLUTE
    ../clib/signal.c                         0x00000000   Number         0  defsig_rtmem_formal.o ABSOLUTE
    ../clib/signal.c                         0x00000000   Number         0  defsig_rtmem_outer.o ABSOLUTE
    ../clib/signal.c                         0x00000000   Number         0  defsig_segv_inner.o ABSOLUTE
    ../clib/signal.c                         0x00000000   Number         0  defsig_abrt_inner.o ABSOLUTE
    ../clib/signal.c                         0x00000000   Number         0  defsig_fpe_inner.o ABSOLUTE
    ../clib/signal.c                         0x00000000   Number         0  defsig_general.o ABSOLUTE
    ../clib/signal.c                         0x00000000   Number         0  defsig_rtred_inner.o ABSOLUTE
    ../clib/signal.c                         0x00000000   Number         0  defsig_stak_inner.o ABSOLUTE
    ../clib/signal.c                         0x00000000   Number         0  __raise.o ABSOLUTE
    ../clib/signal.c                         0x00000000   Number         0  defsig_pvfn_inner.o ABSOLUTE
    ../clib/signal.c                         0x00000000   Number         0  defsig_cppl_inner.o ABSOLUTE
    ../clib/signal.s                         0x00000000   Number         0  defsig.o ABSOLUTE
    ../clib/stdlib.c                         0x00000000   Number         0  exit.o ABSOLUTE
    ../fplib/d2f.s                           0x00000000   Number         0  d2f.o ABSOLUTE
    ../fplib/dcmpi.s                         0x00000000   Number         0  dcmpi.o ABSOLUTE
    ../fplib/ddiv.s                          0x00000000   Number         0  ddiv.o ABSOLUTE
    ../fplib/dleqf.s                         0x00000000   Number         0  dleqf.o ABSOLUTE
    ../fplib/dnaninf.s                       0x00000000   Number         0  dnaninf.o ABSOLUTE
    ../fplib/dretinf.s                       0x00000000   Number         0  dretinf.o ABSOLUTE
    ../fplib/dsqrt.s                         0x00000000   Number         0  dsqrt_noumaal.o ABSOLUTE
    ../fplib/f2d.s                           0x00000000   Number         0  f2d.o ABSOLUTE
    ../fplib/faddsub.s                       0x00000000   Number         0  faddsub_clz.o ABSOLUTE
    ../fplib/fdiv.s                          0x00000000   Number         0  fdiv.o ABSOLUTE
    ../fplib/ffix.s                          0x00000000   Number         0  ffix.o ABSOLUTE
    ../fplib/ffixu.s                         0x00000000   Number         0  ffixu.o ABSOLUTE
    ../fplib/fflt.s                          0x00000000   Number         0  fflt_clz.o ABSOLUTE
    ../fplib/fmul.s                          0x00000000   Number         0  fmul.o ABSOLUTE
    ../fplib/fnaninf.s                       0x00000000   Number         0  fnaninf.o ABSOLUTE
    ../fplib/fpinit.s                        0x00000000   Number         0  fpinit.o ABSOLUTE
    ../fplib/fretinf.s                       0x00000000   Number         0  fretinf.o ABSOLUTE
    ../fplib/usenofp.s                       0x00000000   Number         0  usenofp.o ABSOLUTE
    ../mathlib/sqrt.c                        0x00000000   Number         0  sqrt.o ABSOLUTE
    ../mathlib/sqrt.c                        0x00000000   Number         0  sqrt_x.o ABSOLUTE
    ..\CMSIS\CM3\CoreSupport\core_cm3.c      0x00000000   Number         0  core_cm3.o ABSOLUTE
    ..\CMSIS\CM3\DeviceSupport\ST\STM32F10x\system_stm32f10x.c 0x00000000   Number         0  system_stm32f10x.o ABSOLUTE
    ..\Libraries\src\misc.c                  0x00000000   Number         0  misc.o ABSOLUTE
    ..\Libraries\src\stm32f10x_adc.c         0x00000000   Number         0  stm32f10x_adc.o ABSOLUTE
    ..\Libraries\src\stm32f10x_dma.c         0x00000000   Number         0  stm32f10x_dma.o ABSOLUTE
    ..\Libraries\src\stm32f10x_exti.c        0x00000000   Number         0  stm32f10x_exti.o ABSOLUTE
    ..\Libraries\src\stm32f10x_gpio.c        0x00000000   Number         0  stm32f10x_gpio.o ABSOLUTE
    ..\Libraries\src\stm32f10x_rcc.c         0x00000000   Number         0  stm32f10x_rcc.o ABSOLUTE
    ..\Libraries\src\stm32f10x_spi.c         0x00000000   Number         0  stm32f10x_spi.o ABSOLUTE
    ..\Libraries\src\stm32f10x_tim.c         0x00000000   Number         0  stm32f10x_tim.o ABSOLUTE
    ..\Libraries\src\stm32f10x_usart.c       0x00000000   Number         0  stm32f10x_usart.o ABSOLUTE
    ..\Startup\startup_stm32f10x_cl.s        0x00000000   Number         0  startup_stm32f10x_cl.o ABSOLUTE
    ..\\CMSIS\\CM3\\CoreSupport\\core_cm3.c  0x00000000   Number         0  core_cm3.o ABSOLUTE
    ..\code\LCD.c                            0x00000000   Number         0  lcd.o ABSOLUTE
    ..\code\fft.c                            0x00000000   Number         0  fft.o ABSOLUTE
    ..\code\ini.c                            0x00000000   Number         0  ini.o ABSOLUTE
    ..\code\main.c                           0x00000000   Number         0  main.o ABSOLUTE
    ..\code\stm32f10x_it.c                   0x00000000   Number         0  stm32f10x_it.o ABSOLUTE
    ..\code\touch.c                          0x00000000   Number         0  touch.o ABSOLUTE
    ..\dsp\cr4_fft_1024_stm32.s              0x00000000   Number         0  cr4_fft_1024_stm32.o ABSOLUTE
    dc.s                                     0x00000000   Number         0  dc.o ABSOLUTE
    RESET                                    0x08000000   Section      336  startup_stm32f10x_cl.o(RESET)
    !!!main                                  0x08000150   Section        8  __main.o(!!!main)
    !!!scatter                               0x08000158   Section       52  __scatter.o(!!!scatter)
    !!dczerorl2                              0x0800018c   Section       90  __dczerorl2.o(!!dczerorl2)
    !!handler_zi                             0x080001e8   Section       28  __scatter_zi.o(!!handler_zi)
    .ARM.Collect$$libinit$$00000000          0x08000204   Section        2  libinit.o(.ARM.Collect$$libinit$$00000000)
    .ARM.Collect$$libinit$$00000002          0x08000206   Section        0  libinit2.o(.ARM.Collect$$libinit$$00000002)
    .ARM.Collect$$libinit$$00000008          0x08000206   Section        0  libinit2.o(.ARM.Collect$$libinit$$00000008)
    .ARM.Collect$$libinit$$0000000A          0x08000206   Section        0  libinit2.o(.ARM.Collect$$libinit$$0000000A)
    .ARM.Collect$$libinit$$0000000C          0x08000206   Section        0  libinit2.o(.ARM.Collect$$libinit$$0000000C)
    .ARM.Collect$$libinit$$0000000F          0x08000206   Section        0  libinit2.o(.ARM.Collect$$libinit$$0000000F)
    .ARM.Collect$$libinit$$00000011          0x08000206   Section        0  libinit2.o(.ARM.Collect$$libinit$$00000011)
    .ARM.Collect$$libinit$$00000013          0x08000206   Section        0  libinit2.o(.ARM.Collect$$libinit$$00000013)
    .ARM.Collect$$libinit$$00000015          0x08000206   Section        0  libinit2.o(.ARM.Collect$$libinit$$00000015)
    .ARM.Collect$$libinit$$00000017          0x08000206   Section        0  libinit2.o(.ARM.Collect$$libinit$$00000017)
    .ARM.Collect$$libinit$$00000019          0x08000206   Section        0  libinit2.o(.ARM.Collect$$libinit$$00000019)
    .ARM.Collect$$libinit$$0000001B          0x08000206   Section        0  libinit2.o(.ARM.Collect$$libinit$$0000001B)
    .ARM.Collect$$libinit$$0000001D          0x08000206   Section        0  libinit2.o(.ARM.Collect$$libinit$$0000001D)
    .ARM.Collect$$libinit$$0000001F          0x08000206   Section        0  libinit2.o(.ARM.Collect$$libinit$$0000001F)
    .ARM.Collect$$libinit$$00000021          0x08000206   Section        0  libinit2.o(.ARM.Collect$$libinit$$00000021)
    .ARM.Collect$$libinit$$00000023          0x08000206   Section        0  libinit2.o(.ARM.Collect$$libinit$$00000023)
    .ARM.Collect$$libinit$$0000002A          0x08000206   Section        0  libinit2.o(.ARM.Collect$$libinit$$0000002A)
    .ARM.Collect$$libinit$$0000002C          0x08000206   Section        0  libinit2.o(.ARM.Collect$$libinit$$0000002C)
    .ARM.Collect$$libinit$$0000002E          0x08000206   Section        0  libinit2.o(.ARM.Collect$$libinit$$0000002E)
    .ARM.Collect$$libinit$$00000030          0x08000206   Section        0  libinit2.o(.ARM.Collect$$libinit$$00000030)
    .ARM.Collect$$libinit$$00000031          0x08000206   Section        2  libinit2.o(.ARM.Collect$$libinit$$00000031)
    .ARM.Collect$$libshutdown$$00000000      0x08000208   Section        2  libshutdown.o(.ARM.Collect$$libshutdown$$00000000)
    .ARM.Collect$$libshutdown$$00000003      0x0800020a   Section        0  libshutdown2.o(.ARM.Collect$$libshutdown$$00000003)
    .ARM.Collect$$libshutdown$$00000006      0x0800020a   Section        0  libshutdown2.o(.ARM.Collect$$libshutdown$$00000006)
    .ARM.Collect$$libshutdown$$00000009      0x0800020a   Section        0  libshutdown2.o(.ARM.Collect$$libshutdown$$00000009)
    .ARM.Collect$$libshutdown$$0000000B      0x0800020a   Section        0  libshutdown2.o(.ARM.Collect$$libshutdown$$0000000B)
    .ARM.Collect$$libshutdown$$0000000E      0x0800020a   Section        0  libshutdown2.o(.ARM.Collect$$libshutdown$$0000000E)
    .ARM.Collect$$libshutdown$$0000000F      0x0800020a   Section        2  libshutdown2.o(.ARM.Collect$$libshutdown$$0000000F)
    .ARM.Collect$$rtentry$$00000000          0x0800020c   Section        0  rtentry.o(.ARM.Collect$$rtentry$$00000000)
    .ARM.Collect$$rtentry$$00000002          0x0800020c   Section        0  rtentry2.o(.ARM.Collect$$rtentry$$00000002)
    .ARM.Collect$$rtentry$$00000004          0x0800020c   Section        6  rtentry4.o(.ARM.Collect$$rtentry$$00000004)
    .ARM.Collect$$rtentry$$00000009          0x08000212   Section        0  rtentry2.o(.ARM.Collect$$rtentry$$00000009)
    .ARM.Collect$$rtentry$$0000000A          0x08000212   Section        4  rtentry2.o(.ARM.Collect$$rtentry$$0000000A)
    .ARM.Collect$$rtentry$$0000000C          0x08000216   Section        0  rtentry2.o(.ARM.Collect$$rtentry$$0000000C)
    .ARM.Collect$$rtentry$$0000000D          0x08000216   Section        8  rtentry2.o(.ARM.Collect$$rtentry$$0000000D)
    .ARM.Collect$$rtexit$$00000000           0x0800021e   Section        2  rtexit.o(.ARM.Collect$$rtexit$$00000000)
    .ARM.Collect$$rtexit$$00000002           0x08000220   Section        0  rtexit2.o(.ARM.Collect$$rtexit$$00000002)
    .ARM.Collect$$rtexit$$00000003           0x08000220   Section        4  rtexit2.o(.ARM.Collect$$rtexit$$00000003)
    .ARM.Collect$$rtexit$$00000004           0x08000224   Section        6  rtexit2.o(.ARM.Collect$$rtexit$$00000004)
    .text                                    0x0800022c   Section        0  system_stm32f10x.o(.text)
    SetSysClockTo72                          0x0800022d   Thumb Code   240  system_stm32f10x.o(.text)
    SetSysClock                              0x0800031d   Thumb Code     8  system_stm32f10x.o(.text)
    .text                                    0x08000498   Section        0  stm32f10x_gpio.o(.text)
    .text                                    0x080007f0   Section        0  stm32f10x_rcc.o(.text)
    .text                                    0x08000cec   Section        0  stm32f10x_usart.o(.text)
    .text                                    0x080010f4   Section        0  stm32f10x_adc.o(.text)
    .text                                    0x08001530   Section        0  stm32f10x_tim.o(.text)
    TI4_Config                               0x080019d7   Thumb Code   130  stm32f10x_tim.o(.text)
    TI3_Config                               0x08001a6b   Thumb Code   122  stm32f10x_tim.o(.text)
    TI2_Config                               0x08001aff   Thumb Code   130  stm32f10x_tim.o(.text)
    TI1_Config                               0x08001b93   Thumb Code   108  stm32f10x_tim.o(.text)
    .text                                    0x0800234c   Section        0  stm32f10x_dma.o(.text)
    .text                                    0x0800259c   Section       64  startup_stm32f10x_cl.o(.text)
    .text                                    0x080025dc   Section        0  main.o(.text)
    .text                                    0x08002c00   Section        0  stm32f10x_it.o(.text)
    .text                                    0x08002c18   Section        0  ini.o(.text)
    .text                                    0x08003298   Section        0  lcd.o(.text)
    .text                                    0x08003a30   Section        0  touch.o(.text)
    .text                                    0x08003bec   Section        0  fft.o(.text)
    .text                                    0x08003ccc   Section     4576  cr4_fft_1024_stm32.o(.text)
    .text                                    0x08004eac   Section        0  heapauxi.o(.text)
    .text                                    0x08004eb2   Section        0  _rserrno.o(.text)
    .text                                    0x08004ec8   Section        8  rt_errno_addr_intlibspace.o(.text)
    .text                                    0x08004ed0   Section        8  libspace.o(.text)
    .text                                    0x08004ed8   Section       74  sys_stackheap_outer.o(.text)
    .text                                    0x08004f22   Section        0  exit.o(.text)
    .text                                    0x08004f30   Section        0  sys_exit.o(.text)
    .text                                    0x08004f3c   Section        2  use_no_semi.o(.text)
    .text                                    0x08004f3e   Section        0  indicate_semi.o(.text)
    i.sqrt                                   0x08004f3e   Section        0  sqrt.o(i.sqrt)
    x$fpl$d2f                                0x08004f8c   Section       98  d2f.o(x$fpl$d2f)
    x$fpl$ddiv                               0x08004ff0   Section      688  ddiv.o(x$fpl$ddiv)
    ddiv_entry                               0x08004ff7   Thumb Code     0  ddiv.o(x$fpl$ddiv)
    x$fpl$dnaninf                            0x080052a0   Section      156  dnaninf.o(x$fpl$dnaninf)
    x$fpl$dretinf                            0x0800533c   Section       12  dretinf.o(x$fpl$dretinf)
    x$fpl$dsqrt                              0x08005348   Section      460  dsqrt_noumaal.o(x$fpl$dsqrt)
    x$fpl$f2d                                0x08005514   Section       86  f2d.o(x$fpl$f2d)
    x$fpl$fadd                               0x0800556c   Section      196  faddsub_clz.o(x$fpl$fadd)
    _fadd1                                   0x0800557b   Thumb Code     0  faddsub_clz.o(x$fpl$fadd)
    x$fpl$fdiv                               0x08005630   Section      388  fdiv.o(x$fpl$fdiv)
    _fdiv1                                   0x08005631   Thumb Code     0  fdiv.o(x$fpl$fdiv)
    x$fpl$ffix                               0x080057b4   Section       54  ffix.o(x$fpl$ffix)
    x$fpl$ffixu                              0x080057ec   Section       62  ffixu.o(x$fpl$ffixu)
    x$fpl$fflt                               0x0800582c   Section       48  fflt_clz.o(x$fpl$fflt)
    x$fpl$fmul                               0x0800585c   Section      258  fmul.o(x$fpl$fmul)
    x$fpl$fnaninf                            0x0800595e   Section      140  fnaninf.o(x$fpl$fnaninf)
    x$fpl$fretinf                            0x080059ea   Section       10  fretinf.o(x$fpl$fretinf)
    x$fpl$fsub                               0x080059f4   Section      234  faddsub_clz.o(x$fpl$fsub)
    _fsub1                                   0x08005a03   Thumb Code     0  faddsub_clz.o(x$fpl$fsub)
    x$fpl$usenofp                            0x08005ade   Section        0  usenofp.o(x$fpl$usenofp)
    .data                                    0x20000000   Section       20  system_stm32f10x.o(.data)
    .data                                    0x20000014   Section       20  stm32f10x_rcc.o(.data)
    APBAHBPrescTable                         0x20000014   Data          16  stm32f10x_rcc.o(.data)
    ADCPrescTable                            0x20000024   Data           4  stm32f10x_rcc.o(.data)
    .data                                    0x20000028   Section     1528  lcd.o(.data)
    .bss                                     0x20000620   Section    11776  main.o(.bss)
    .bss                                     0x20003420   Section    40960  ini.o(.bss)
    .bss                                     0x2000d420   Section     8192  fft.o(.bss)
    .bss                                     0x2000f420   Section       96  libspace.o(.bss)
    HEAP                                     0x2000f480   Section      512  startup_stm32f10x_cl.o(HEAP)
    Heap_Mem                                 0x2000f480   Data         512  startup_stm32f10x_cl.o(HEAP)
    STACK                                    0x2000f680   Section     1024  startup_stm32f10x_cl.o(STACK)
    Stack_Mem                                0x2000f680   Data        1024  startup_stm32f10x_cl.o(STACK)
    __initial_sp                             0x2000fa80   Data           0  startup_stm32f10x_cl.o(STACK)

    Global Symbols

    Symbol Name                              Value     Ov Type        Size  Object(Section)

    BuildAttributes$$THM_ISAv4$P$D$K$B$S$PE$A:L22UL41UL21$X:L11$S22US41US21$IEEE1$IW$USESV6$~STKCKD$USESV7$~SHL$OTIME$ROPI$IEEEJ$EBA8$UX$STANDARDLIB$REQ8$PRES8$EABIv2 0x00000000   Number         0  anon$$obj.o ABSOLUTE
    __ARM_use_no_argv                        0x00000000   Number         0  main.o ABSOLUTE
    __ARM_exceptions_init                     - Undefined Weak Reference
    __alloca_initialize                       - Undefined Weak Reference
    __cpp_initialize__aeabi_                  - Undefined Weak Reference
    __cxa_finalize                            - Undefined Weak Reference
    __rt_locale                               - Undefined Weak Reference
    __sigvec_lookup                           - Undefined Weak Reference
    _atexit_init                              - Undefined Weak Reference
    _call_atexit_fns                          - Undefined Weak Reference
    _clock_init                               - Undefined Weak Reference
    _fp_trap_init                             - Undefined Weak Reference
    _fp_trap_shutdown                         - Undefined Weak Reference
    _get_lc_collate                           - Undefined Weak Reference
    _get_lc_ctype                             - Undefined Weak Reference
    _get_lc_monetary                          - Undefined Weak Reference
    _get_lc_numeric                           - Undefined Weak Reference
    _get_lc_time                              - Undefined Weak Reference
    _getenv_init                              - Undefined Weak Reference
    _handle_redirection                       - Undefined Weak Reference
    _init_alloc                               - Undefined Weak Reference
    _init_user_alloc                          - Undefined Weak Reference
    _initio                                   - Undefined Weak Reference
    _rand_init                                - Undefined Weak Reference
    _signal_finish                            - Undefined Weak Reference
    _signal_init                              - Undefined Weak Reference
    _terminate_alloc                          - Undefined Weak Reference
    _terminate_user_alloc                     - Undefined Weak Reference
    _terminateio                              - Undefined Weak Reference
    __Vectors_Size                           0x00000150   Number         0  startup_stm32f10x_cl.o ABSOLUTE
    __Vectors                                0x08000000   Data           4  startup_stm32f10x_cl.o(RESET)
    __Vectors_End                            0x08000150   Data           0  startup_stm32f10x_cl.o(RESET)
    __main                                   0x08000151   Thumb Code     8  __main.o(!!!main)
    __scatterload                            0x08000159   Thumb Code     0  __scatter.o(!!!scatter)
    __scatterload_rt2                        0x08000159   Thumb Code    44  __scatter.o(!!!scatter)
    __scatterload_rt2_thumb_only             0x08000159   Thumb Code     0  __scatter.o(!!!scatter)
    __scatterload_null                       0x08000167   Thumb Code     0  __scatter.o(!!!scatter)
    __decompress                             0x0800018d   Thumb Code    90  __dczerorl2.o(!!dczerorl2)
    __decompress1                            0x0800018d   Thumb Code     0  __dczerorl2.o(!!dczerorl2)
    __scatterload_zeroinit                   0x080001e9   Thumb Code    28  __scatter_zi.o(!!handler_zi)
    __rt_lib_init                            0x08000205   Thumb Code     0  libinit.o(.ARM.Collect$$libinit$$00000000)
    __rt_lib_init_alloca_1                   0x08000207   Thumb Code     0  libinit2.o(.ARM.Collect$$libinit$$0000002C)
    __rt_lib_init_argv_1                     0x08000207   Thumb Code     0  libinit2.o(.ARM.Collect$$libinit$$0000002A)
    __rt_lib_init_atexit_1                   0x08000207   Thumb Code     0  libinit2.o(.ARM.Collect$$libinit$$00000019)
    __rt_lib_init_clock_1                    0x08000207   Thumb Code     0  libinit2.o(.ARM.Collect$$libinit$$0000001F)
    __rt_lib_init_cpp_1                      0x08000207   Thumb Code     0  libinit2.o(.ARM.Collect$$libinit$$00000030)
    __rt_lib_init_exceptions_1               0x08000207   Thumb Code     0  libinit2.o(.ARM.Collect$$libinit$$0000002E)
    __rt_lib_init_fp_1                       0x08000207   Thumb Code     0  libinit2.o(.ARM.Collect$$libinit$$00000002)
    __rt_lib_init_fp_trap_1                  0x08000207   Thumb Code     0  libinit2.o(.ARM.Collect$$libinit$$0000001D)
    __rt_lib_init_getenv_1                   0x08000207   Thumb Code     0  libinit2.o(.ARM.Collect$$libinit$$00000021)
    __rt_lib_init_heap_1                     0x08000207   Thumb Code     0  libinit2.o(.ARM.Collect$$libinit$$00000008)
    __rt_lib_init_lc_collate_1               0x08000207   Thumb Code     0  libinit2.o(.ARM.Collect$$libinit$$0000000F)
    __rt_lib_init_lc_ctype_1                 0x08000207   Thumb Code     0  libinit2.o(.ARM.Collect$$libinit$$00000011)
    __rt_lib_init_lc_monetary_1              0x08000207   Thumb Code     0  libinit2.o(.ARM.Collect$$libinit$$00000013)
    __rt_lib_init_lc_numeric_1               0x08000207   Thumb Code     0  libinit2.o(.ARM.Collect$$libinit$$00000015)
    __rt_lib_init_lc_time_1                  0x08000207   Thumb Code     0  libinit2.o(.ARM.Collect$$libinit$$00000017)
    __rt_lib_init_rand_1                     0x08000207   Thumb Code     0  libinit2.o(.ARM.Collect$$libinit$$0000000C)
    __rt_lib_init_return                     0x08000207   Thumb Code     0  libinit2.o(.ARM.Collect$$libinit$$00000031)
    __rt_lib_init_signal_1                   0x08000207   Thumb Code     0  libinit2.o(.ARM.Collect$$libinit$$0000001B)
    __rt_lib_init_stdio_1                    0x08000207   Thumb Code     0  libinit2.o(.ARM.Collect$$libinit$$00000023)
    __rt_lib_init_user_alloc_1               0x08000207   Thumb Code     0  libinit2.o(.ARM.Collect$$libinit$$0000000A)
    __rt_lib_shutdown                        0x08000209   Thumb Code     0  libshutdown.o(.ARM.Collect$$libshutdown$$00000000)
    __rt_lib_shutdown_fp_trap_1              0x0800020b   Thumb Code     0  libshutdown2.o(.ARM.Collect$$libshutdown$$00000006)
    __rt_lib_shutdown_heap_1                 0x0800020b   Thumb Code     0  libshutdown2.o(.ARM.Collect$$libshutdown$$0000000E)
    __rt_lib_shutdown_return                 0x0800020b   Thumb Code     0  libshutdown2.o(.ARM.Collect$$libshutdown$$0000000F)
    __rt_lib_shutdown_signal_1               0x0800020b   Thumb Code     0  libshutdown2.o(.ARM.Collect$$libshutdown$$00000009)
    __rt_lib_shutdown_stdio_1                0x0800020b   Thumb Code     0  libshutdown2.o(.ARM.Collect$$libshutdown$$00000003)
    __rt_lib_shutdown_user_alloc_1           0x0800020b   Thumb Code     0  libshutdown2.o(.ARM.Collect$$libshutdown$$0000000B)
    __rt_entry                               0x0800020d   Thumb Code     0  rtentry.o(.ARM.Collect$$rtentry$$00000000)
    __rt_entry_presh_1                       0x0800020d   Thumb Code     0  rtentry2.o(.ARM.Collect$$rtentry$$00000002)
    __rt_entry_sh                            0x0800020d   Thumb Code     0  rtentry4.o(.ARM.Collect$$rtentry$$00000004)
    __rt_entry_li                            0x08000213   Thumb Code     0  rtentry2.o(.ARM.Collect$$rtentry$$0000000A)
    __rt_entry_postsh_1                      0x08000213   Thumb Code     0  rtentry2.o(.ARM.Collect$$rtentry$$00000009)
    __rt_entry_main                          0x08000217   Thumb Code     0  rtentry2.o(.ARM.Collect$$rtentry$$0000000D)
    __rt_entry_postli_1                      0x08000217   Thumb Code     0  rtentry2.o(.ARM.Collect$$rtentry$$0000000C)
    __rt_exit                                0x0800021f   Thumb Code     0  rtexit.o(.ARM.Collect$$rtexit$$00000000)
    __rt_exit_ls                             0x08000221   Thumb Code     0  rtexit2.o(.ARM.Collect$$rtexit$$00000003)
    __rt_exit_prels_1                        0x08000221   Thumb Code     0  rtexit2.o(.ARM.Collect$$rtexit$$00000002)
    __rt_exit_exit                           0x08000225   Thumb Code     0  rtexit2.o(.ARM.Collect$$rtexit$$00000004)
    SystemInit                               0x08000325   Thumb Code    92  system_stm32f10x.o(.text)
    SystemCoreClockUpdate                    0x08000381   Thumb Code   232  system_stm32f10x.o(.text)
    GPIO_DeInit                              0x08000499   Thumb Code   172  stm32f10x_gpio.o(.text)
    GPIO_AFIODeInit                          0x08000545   Thumb Code    20  stm32f10x_gpio.o(.text)
    GPIO_Init                                0x08000559   Thumb Code   274  stm32f10x_gpio.o(.text)
    GPIO_StructInit                          0x0800066b   Thumb Code    16  stm32f10x_gpio.o(.text)
    GPIO_ReadInputDataBit                    0x0800067b   Thumb Code    18  stm32f10x_gpio.o(.text)
    GPIO_ReadInputData                       0x0800068d   Thumb Code     8  stm32f10x_gpio.o(.text)
    GPIO_ReadOutputDataBit                   0x08000695   Thumb Code    18  stm32f10x_gpio.o(.text)
    GPIO_ReadOutputData                      0x080006a7   Thumb Code     8  stm32f10x_gpio.o(.text)
    GPIO_SetBits                             0x080006af   Thumb Code     4  stm32f10x_gpio.o(.text)
    GPIO_ResetBits                           0x080006b3   Thumb Code     4  stm32f10x_gpio.o(.text)
    GPIO_WriteBit                            0x080006b7   Thumb Code    10  stm32f10x_gpio.o(.text)
    GPIO_Write                               0x080006c1   Thumb Code     4  stm32f10x_gpio.o(.text)
    GPIO_PinLockConfig                       0x080006c5   Thumb Code    18  stm32f10x_gpio.o(.text)
    GPIO_EventOutputConfig                   0x080006d7   Thumb Code    26  stm32f10x_gpio.o(.text)
    GPIO_EventOutputCmd                      0x080006f1   Thumb Code     6  stm32f10x_gpio.o(.text)
    GPIO_PinRemapConfig                      0x080006f7   Thumb Code   138  stm32f10x_gpio.o(.text)
    GPIO_EXTILineConfig                      0x08000781   Thumb Code    66  stm32f10x_gpio.o(.text)
    GPIO_ETH_MediaInterfaceConfig            0x080007c3   Thumb Code     6  stm32f10x_gpio.o(.text)
    RCC_DeInit                               0x080007f1   Thumb Code    78  stm32f10x_rcc.o(.text)
    RCC_HSEConfig                            0x0800083f   Thumb Code    70  stm32f10x_rcc.o(.text)
    RCC_GetFlagStatus                        0x08000885   Thumb Code    56  stm32f10x_rcc.o(.text)
    RCC_WaitForHSEStartUp                    0x080008bd   Thumb Code    48  stm32f10x_rcc.o(.text)
    RCC_AdjustHSICalibrationValue            0x080008ed   Thumb Code    20  stm32f10x_rcc.o(.text)
    RCC_HSICmd                               0x08000901   Thumb Code     6  stm32f10x_rcc.o(.text)
    RCC_PLLConfig                            0x08000907   Thumb Code    24  stm32f10x_rcc.o(.text)
    RCC_PLLCmd                               0x0800091f   Thumb Code     6  stm32f10x_rcc.o(.text)
    RCC_PREDIV1Config                        0x08000925   Thumb Code    24  stm32f10x_rcc.o(.text)
    RCC_PREDIV2Config                        0x0800093d   Thumb Code    18  stm32f10x_rcc.o(.text)
    RCC_PLL2Config                           0x0800094f   Thumb Code    18  stm32f10x_rcc.o(.text)
    RCC_PLL2Cmd                              0x08000961   Thumb Code     6  stm32f10x_rcc.o(.text)
    RCC_PLL3Config                           0x08000967   Thumb Code    18  stm32f10x_rcc.o(.text)
    RCC_PLL3Cmd                              0x08000979   Thumb Code     6  stm32f10x_rcc.o(.text)
    RCC_SYSCLKConfig                         0x0800097f   Thumb Code    18  stm32f10x_rcc.o(.text)
    RCC_GetSYSCLKSource                      0x08000991   Thumb Code    10  stm32f10x_rcc.o(.text)
    RCC_HCLKConfig                           0x0800099b   Thumb Code    18  stm32f10x_rcc.o(.text)
    RCC_PCLK1Config                          0x080009ad   Thumb Code    18  stm32f10x_rcc.o(.text)
    RCC_PCLK2Config                          0x080009bf   Thumb Code    20  stm32f10x_rcc.o(.text)
    RCC_ITConfig                             0x080009d3   Thumb Code    26  stm32f10x_rcc.o(.text)
    RCC_OTGFSCLKConfig                       0x080009ed   Thumb Code     6  stm32f10x_rcc.o(.text)
    RCC_ADCCLKConfig                         0x080009f3   Thumb Code    18  stm32f10x_rcc.o(.text)
    RCC_I2S2CLKConfig                        0x08000a05   Thumb Code     6  stm32f10x_rcc.o(.text)
    RCC_I2S3CLKConfig                        0x08000a0b   Thumb Code     8  stm32f10x_rcc.o(.text)
    RCC_LSEConfig                            0x08000a13   Thumb Code    44  stm32f10x_rcc.o(.text)
    RCC_LSICmd                               0x08000a3f   Thumb Code     6  stm32f10x_rcc.o(.text)
    RCC_RTCCLKConfig                         0x08000a45   Thumb Code    12  stm32f10x_rcc.o(.text)
    RCC_RTCCLKCmd                            0x08000a51   Thumb Code     8  stm32f10x_rcc.o(.text)
    RCC_GetClocksFreq                        0x08000a59   Thumb Code   432  stm32f10x_rcc.o(.text)
    RCC_AHBPeriphClockCmd                    0x08000c09   Thumb Code    26  stm32f10x_rcc.o(.text)
    RCC_APB2PeriphClockCmd                   0x08000c23   Thumb Code    26  stm32f10x_rcc.o(.text)
    RCC_APB1PeriphClockCmd                   0x08000c3d   Thumb Code    26  stm32f10x_rcc.o(.text)
    RCC_AHBPeriphResetCmd                    0x08000c57   Thumb Code    26  stm32f10x_rcc.o(.text)
    RCC_APB2PeriphResetCmd                   0x08000c71   Thumb Code    26  stm32f10x_rcc.o(.text)
    RCC_APB1PeriphResetCmd                   0x08000c8b   Thumb Code    26  stm32f10x_rcc.o(.text)
    RCC_BackupResetCmd                       0x08000ca5   Thumb Code     6  stm32f10x_rcc.o(.text)
    RCC_ClockSecuritySystemCmd               0x08000cab   Thumb Code     6  stm32f10x_rcc.o(.text)
    RCC_MCOConfig                            0x08000cb1   Thumb Code     6  stm32f10x_rcc.o(.text)
    RCC_ClearFlag                            0x08000cb7   Thumb Code    14  stm32f10x_rcc.o(.text)
    RCC_GetITStatus                          0x08000cc5   Thumb Code    20  stm32f10x_rcc.o(.text)
    RCC_ClearITPendingBit                    0x08000cd9   Thumb Code     6  stm32f10x_rcc.o(.text)
    USART_DeInit                             0x08000ced   Thumb Code   134  stm32f10x_usart.o(.text)
    USART_Init                               0x08000d73   Thumb Code   210  stm32f10x_usart.o(.text)
    USART_StructInit                         0x08000e45   Thumb Code    24  stm32f10x_usart.o(.text)
    USART_ClockInit                          0x08000e5d   Thumb Code    34  stm32f10x_usart.o(.text)
    USART_ClockStructInit                    0x08000e7f   Thumb Code    12  stm32f10x_usart.o(.text)
    USART_Cmd                                0x08000e8b   Thumb Code    24  stm32f10x_usart.o(.text)
    USART_ITConfig                           0x08000ea3   Thumb Code    74  stm32f10x_usart.o(.text)
    USART_DMACmd                             0x08000eed   Thumb Code    18  stm32f10x_usart.o(.text)
    USART_SetAddress                         0x08000eff   Thumb Code    18  stm32f10x_usart.o(.text)
    USART_WakeUpConfig                       0x08000f11   Thumb Code    18  stm32f10x_usart.o(.text)
    USART_ReceiverWakeUpCmd                  0x08000f23   Thumb Code    24  stm32f10x_usart.o(.text)
    USART_LINBreakDetectLengthConfig         0x08000f3b   Thumb Code    18  stm32f10x_usart.o(.text)
    USART_LINCmd                             0x08000f4d   Thumb Code    24  stm32f10x_usart.o(.text)
    USART_SendData                           0x08000f65   Thumb Code     8  stm32f10x_usart.o(.text)
    USART_ReceiveData                        0x08000f6d   Thumb Code    10  stm32f10x_usart.o(.text)
    USART_SendBreak                          0x08000f77   Thumb Code    10  stm32f10x_usart.o(.text)
    USART_SetGuardTime                       0x08000f81   Thumb Code    16  stm32f10x_usart.o(.text)
    USART_SetPrescaler                       0x08000f91   Thumb Code    16  stm32f10x_usart.o(.text)
    USART_SmartCardCmd                       0x08000fa1   Thumb Code    24  stm32f10x_usart.o(.text)
    USART_SmartCardNACKCmd                   0x08000fb9   Thumb Code    24  stm32f10x_usart.o(.text)
    USART_HalfDuplexCmd                      0x08000fd1   Thumb Code    24  stm32f10x_usart.o(.text)
    USART_OverSampling8Cmd                   0x08000fe9   Thumb Code    22  stm32f10x_usart.o(.text)
    USART_OneBitMethodCmd                    0x08000fff   Thumb Code    24  stm32f10x_usart.o(.text)
    USART_IrDAConfig                         0x08001017   Thumb Code    18  stm32f10x_usart.o(.text)
    USART_IrDACmd                            0x08001029   Thumb Code    24  stm32f10x_usart.o(.text)
    USART_GetFlagStatus                      0x08001041   Thumb Code    26  stm32f10x_usart.o(.text)
    USART_ClearFlag                          0x0800105b   Thumb Code    18  stm32f10x_usart.o(.text)
    USART_GetITStatus                        0x0800106d   Thumb Code    84  stm32f10x_usart.o(.text)
    USART_ClearITPendingBit                  0x080010c1   Thumb Code    52  stm32f10x_usart.o(.text)
    ADC_DeInit                               0x080010f5   Thumb Code    78  stm32f10x_adc.o(.text)
    ADC_Init                                 0x08001143   Thumb Code    70  stm32f10x_adc.o(.text)
    ADC_StructInit                           0x08001189   Thumb Code    18  stm32f10x_adc.o(.text)
    ADC_Cmd                                  0x0800119b   Thumb Code    22  stm32f10x_adc.o(.text)
    ADC_DMACmd                               0x080011b1   Thumb Code    22  stm32f10x_adc.o(.text)
    ADC_ITConfig                             0x080011c7   Thumb Code    24  stm32f10x_adc.o(.text)
    ADC_ResetCalibration                     0x080011df   Thumb Code    10  stm32f10x_adc.o(.text)
    ADC_GetResetCalibrationStatus            0x080011e9   Thumb Code    20  stm32f10x_adc.o(.text)
    ADC_StartCalibration                     0x080011fd   Thumb Code    10  stm32f10x_adc.o(.text)
    ADC_GetCalibrationStatus                 0x08001207   Thumb Code    20  stm32f10x_adc.o(.text)
    ADC_SoftwareStartConvCmd                 0x0800121b   Thumb Code    22  stm32f10x_adc.o(.text)
    ADC_GetSoftwareStartConvStatus           0x08001231   Thumb Code    20  stm32f10x_adc.o(.text)
    ADC_DiscModeChannelCountConfig           0x08001245   Thumb Code    24  stm32f10x_adc.o(.text)
    ADC_DiscModeCmd                          0x0800125d   Thumb Code    22  stm32f10x_adc.o(.text)
    ADC_RegularChannelConfig                 0x08001273   Thumb Code   184  stm32f10x_adc.o(.text)
    ADC_ExternalTrigConvCmd                  0x0800132b   Thumb Code    22  stm32f10x_adc.o(.text)
    ADC_GetConversionValue                   0x08001341   Thumb Code     8  stm32f10x_adc.o(.text)
    ADC_GetDualModeConversionValue           0x08001349   Thumb Code     8  stm32f10x_adc.o(.text)
    ADC_AutoInjectedConvCmd                  0x08001351   Thumb Code    22  stm32f10x_adc.o(.text)
    ADC_InjectedDiscModeCmd                  0x08001367   Thumb Code    22  stm32f10x_adc.o(.text)
    ADC_ExternalTrigInjectedConvConfig       0x0800137d   Thumb Code    16  stm32f10x_adc.o(.text)
    ADC_ExternalTrigInjectedConvCmd          0x0800138d   Thumb Code    22  stm32f10x_adc.o(.text)
    ADC_SoftwareStartInjectedConvCmd         0x080013a3   Thumb Code    22  stm32f10x_adc.o(.text)
    ADC_GetSoftwareStartInjectedConvCmdStatus 0x080013b9   Thumb Code    20  stm32f10x_adc.o(.text)
    ADC_InjectedChannelConfig                0x080013cd   Thumb Code   130  stm32f10x_adc.o(.text)
    ADC_InjectedSequencerLengthConfig        0x0800144f   Thumb Code    24  stm32f10x_adc.o(.text)
    ADC_SetInjectedOffset                    0x08001467   Thumb Code    12  stm32f10x_adc.o(.text)
    ADC_GetInjectedConversionValue           0x08001473   Thumb Code    18  stm32f10x_adc.o(.text)
    ADC_AnalogWatchdogCmd                    0x08001485   Thumb Code    16  stm32f10x_adc.o(.text)
    ADC_AnalogWatchdogThresholdsConfig       0x08001495   Thumb Code     6  stm32f10x_adc.o(.text)
    ADC_AnalogWatchdogSingleChannelConfig    0x0800149b   Thumb Code    16  stm32f10x_adc.o(.text)
    ADC_TempSensorVrefintCmd                 0x080014ab   Thumb Code    38  stm32f10x_adc.o(.text)
    ADC_GetFlagStatus                        0x080014d1   Thumb Code    44  stm32f10x_adc.o(.text)
    ADC_ClearFlag                            0x080014fd   Thumb Code     6  stm32f10x_adc.o(.text)
    ADC_GetITStatus                          0x08001503   Thumb Code    36  stm32f10x_adc.o(.text)
    ADC_ClearITPendingBit                    0x08001527   Thumb Code    10  stm32f10x_adc.o(.text)
    TIM_DeInit                               0x08001531   Thumb Code   424  stm32f10x_tim.o(.text)
    TIM_TimeBaseInit                         0x080016d9   Thumb Code   122  stm32f10x_tim.o(.text)
    TIM_OC1Init                              0x08001753   Thumb Code   132  stm32f10x_tim.o(.text)
    TIM_OC2Init                              0x080017d7   Thumb Code   154  stm32f10x_tim.o(.text)
    TIM_OC3Init                              0x08001871   Thumb Code   150  stm32f10x_tim.o(.text)
    TIM_OC4Init                              0x08001907   Thumb Code   182  stm32f10x_tim.o(.text)
    TIM_SetIC4Prescaler                      0x080019bd   Thumb Code    26  stm32f10x_tim.o(.text)
    TIM_SetIC3Prescaler                      0x08001a59   Thumb Code    18  stm32f10x_tim.o(.text)
    TIM_SetIC2Prescaler                      0x08001ae5   Thumb Code    26  stm32f10x_tim.o(.text)
    TIM_SetIC1Prescaler                      0x08001b81   Thumb Code    18  stm32f10x_tim.o(.text)
    TIM_ICInit                               0x08001bff   Thumb Code   150  stm32f10x_tim.o(.text)
    TIM_PWMIConfig                           0x08001c95   Thumb Code   124  stm32f10x_tim.o(.text)
    TIM_BDTRConfig                           0x08001d11   Thumb Code    32  stm32f10x_tim.o(.text)
    TIM_TimeBaseStructInit                   0x08001d31   Thumb Code    18  stm32f10x_tim.o(.text)
    TIM_OCStructInit                         0x08001d43   Thumb Code    20  stm32f10x_tim.o(.text)
    TIM_ICStructInit                         0x08001d57   Thumb Code    18  stm32f10x_tim.o(.text)
    TIM_BDTRStructInit                       0x08001d69   Thumb Code    40  stm32f10x_tim.o(.text)
    TIM_Cmd                                  0x08001d91   Thumb Code    24  stm32f10x_tim.o(.text)
    TIM_CtrlPWMOutputs                       0x08001da9   Thumb Code    30  stm32f10x_tim.o(.text)
    TIM_ITConfig                             0x08001dc7   Thumb Code    18  stm32f10x_tim.o(.text)
    TIM_GenerateEvent                        0x08001dd9   Thumb Code     4  stm32f10x_tim.o(.text)
    TIM_DMAConfig                            0x08001ddd   Thumb Code    10  stm32f10x_tim.o(.text)
    TIM_DMACmd                               0x08001de7   Thumb Code    18  stm32f10x_tim.o(.text)
    TIM_InternalClockConfig                  0x08001df9   Thumb Code    12  stm32f10x_tim.o(.text)
    TIM_SelectInputTrigger                   0x08001e05   Thumb Code    18  stm32f10x_tim.o(.text)
    TIM_ITRxExternalClockConfig              0x08001e17   Thumb Code    24  stm32f10x_tim.o(.text)
    TIM_TIxExternalClockConfig               0x08001e2f   Thumb Code    62  stm32f10x_tim.o(.text)
    TIM_ETRConfig                            0x08001e6d   Thumb Code    28  stm32f10x_tim.o(.text)
    TIM_ETRClockMode1Config                  0x08001e89   Thumb Code    54  stm32f10x_tim.o(.text)
    TIM_ETRClockMode2Config                  0x08001ebf   Thumb Code    32  stm32f10x_tim.o(.text)
    TIM_PrescalerConfig                      0x08001edf   Thumb Code     6  stm32f10x_tim.o(.text)
    TIM_CounterModeConfig                    0x08001ee5   Thumb Code    18  stm32f10x_tim.o(.text)
    TIM_EncoderInterfaceConfig               0x08001ef7   Thumb Code    66  stm32f10x_tim.o(.text)
    TIM_ForcedOC1Config                      0x08001f39   Thumb Code    18  stm32f10x_tim.o(.text)
    TIM_ForcedOC2Config                      0x08001f4b   Thumb Code    26  stm32f10x_tim.o(.text)
    TIM_ForcedOC3Config                      0x08001f65   Thumb Code    18  stm32f10x_tim.o(.text)
    TIM_ForcedOC4Config                      0x08001f77   Thumb Code    26  stm32f10x_tim.o(.text)
    TIM_ARRPreloadConfig                     0x08001f91   Thumb Code    24  stm32f10x_tim.o(.text)
    TIM_SelectCOM                            0x08001fa9   Thumb Code    24  stm32f10x_tim.o(.text)
    TIM_SelectCCDMA                          0x08001fc1   Thumb Code    24  stm32f10x_tim.o(.text)
    TIM_CCPreloadControl                     0x08001fd9   Thumb Code    24  stm32f10x_tim.o(.text)
    TIM_OC1PreloadConfig                     0x08001ff1   Thumb Code    18  stm32f10x_tim.o(.text)
    TIM_OC2PreloadConfig                     0x08002003   Thumb Code    26  stm32f10x_tim.o(.text)
    TIM_OC3PreloadConfig                     0x0800201d   Thumb Code    18  stm32f10x_tim.o(.text)
    TIM_OC4PreloadConfig                     0x0800202f   Thumb Code    26  stm32f10x_tim.o(.text)
    TIM_OC1FastConfig                        0x08002049   Thumb Code    18  stm32f10x_tim.o(.text)
    TIM_OC2FastConfig                        0x0800205b   Thumb Code    26  stm32f10x_tim.o(.text)
    TIM_OC3FastConfig                        0x08002075   Thumb Code    18  stm32f10x_tim.o(.text)
    TIM_OC4FastConfig                        0x08002087   Thumb Code    26  stm32f10x_tim.o(.text)
    TIM_ClearOC1Ref                          0x080020a1   Thumb Code    18  stm32f10x_tim.o(.text)
    TIM_ClearOC2Ref                          0x080020b3   Thumb Code    24  stm32f10x_tim.o(.text)
    TIM_ClearOC3Ref                          0x080020cb   Thumb Code    18  stm32f10x_tim.o(.text)
    TIM_ClearOC4Ref                          0x080020dd   Thumb Code    24  stm32f10x_tim.o(.text)
    TIM_OC1PolarityConfig                    0x080020f5   Thumb Code    18  stm32f10x_tim.o(.text)
    TIM_OC1NPolarityConfig                   0x08002107   Thumb Code    18  stm32f10x_tim.o(.text)
    TIM_OC2PolarityConfig                    0x08002119   Thumb Code    26  stm32f10x_tim.o(.text)
    TIM_OC2NPolarityConfig                   0x08002133   Thumb Code    26  stm32f10x_tim.o(.text)
    TIM_OC3PolarityConfig                    0x0800214d   Thumb Code    26  stm32f10x_tim.o(.text)
    TIM_OC3NPolarityConfig                   0x08002167   Thumb Code    26  stm32f10x_tim.o(.text)
    TIM_OC4PolarityConfig                    0x08002181   Thumb Code    26  stm32f10x_tim.o(.text)
    TIM_CCxCmd                               0x0800219b   Thumb Code    30  stm32f10x_tim.o(.text)
    TIM_CCxNCmd                              0x080021b9   Thumb Code    30  stm32f10x_tim.o(.text)
    TIM_SelectOCxM                           0x080021d7   Thumb Code    82  stm32f10x_tim.o(.text)
    TIM_UpdateDisableConfig                  0x08002229   Thumb Code    24  stm32f10x_tim.o(.text)
    TIM_UpdateRequestConfig                  0x08002241   Thumb Code    24  stm32f10x_tim.o(.text)
    TIM_SelectHallSensor                     0x08002259   Thumb Code    24  stm32f10x_tim.o(.text)
    TIM_SelectOnePulseMode                   0x08002271   Thumb Code    18  stm32f10x_tim.o(.text)
    TIM_SelectOutputTrigger                  0x08002283   Thumb Code    18  stm32f10x_tim.o(.text)
    TIM_SelectSlaveMode                      0x08002295   Thumb Code    18  stm32f10x_tim.o(.text)
    TIM_SelectMasterSlaveMode                0x080022a7   Thumb Code    18  stm32f10x_tim.o(.text)
    TIM_SetCounter                           0x080022b9   Thumb Code     4  stm32f10x_tim.o(.text)
    TIM_SetAutoreload                        0x080022bd   Thumb Code     4  stm32f10x_tim.o(.text)
    TIM_SetCompare1                          0x080022c1   Thumb Code     4  stm32f10x_tim.o(.text)
    TIM_SetCompare2                          0x080022c5   Thumb Code     4  stm32f10x_tim.o(.text)
    TIM_SetCompare3                          0x080022c9   Thumb Code     4  stm32f10x_tim.o(.text)
    TIM_SetCompare4                          0x080022cd   Thumb Code     6  stm32f10x_tim.o(.text)
    TIM_SetClockDivision                     0x080022d3   Thumb Code    18  stm32f10x_tim.o(.text)
    TIM_GetCapture1                          0x080022e5   Thumb Code     6  stm32f10x_tim.o(.text)
    TIM_GetCapture2                          0x080022eb   Thumb Code     6  stm32f10x_tim.o(.text)
    TIM_GetCapture3                          0x080022f1   Thumb Code     6  stm32f10x_tim.o(.text)
    TIM_GetCapture4                          0x080022f7   Thumb Code     8  stm32f10x_tim.o(.text)
    TIM_GetCounter                           0x080022ff   Thumb Code     6  stm32f10x_tim.o(.text)
    TIM_GetPrescaler                         0x08002305   Thumb Code     6  stm32f10x_tim.o(.text)
    TIM_GetFlagStatus                        0x0800230b   Thumb Code    18  stm32f10x_tim.o(.text)
    TIM_ClearFlag                            0x0800231d   Thumb Code     6  stm32f10x_tim.o(.text)
    TIM_GetITStatus                          0x08002323   Thumb Code    34  stm32f10x_tim.o(.text)
    TIM_ClearITPendingBit                    0x08002345   Thumb Code     6  stm32f10x_tim.o(.text)
    DMA_DeInit                               0x0800234d   Thumb Code   324  stm32f10x_dma.o(.text)
    DMA_Init                                 0x08002491   Thumb Code    60  stm32f10x_dma.o(.text)
    DMA_StructInit                           0x080024cd   Thumb Code    26  stm32f10x_dma.o(.text)
    DMA_Cmd                                  0x080024e7   Thumb Code    24  stm32f10x_dma.o(.text)
    DMA_ITConfig                             0x080024ff   Thumb Code    18  stm32f10x_dma.o(.text)
    DMA_SetCurrDataCounter                   0x08002511   Thumb Code     4  stm32f10x_dma.o(.text)
    DMA_GetCurrDataCounter                   0x08002515   Thumb Code     8  stm32f10x_dma.o(.text)
    DMA_GetFlagStatus                        0x0800251d   Thumb Code    38  stm32f10x_dma.o(.text)
    DMA_ClearFlag                            0x08002543   Thumb Code    22  stm32f10x_dma.o(.text)
    DMA_GetITStatus                          0x08002559   Thumb Code    38  stm32f10x_dma.o(.text)
    DMA_ClearITPendingBit                    0x0800257f   Thumb Code    22  stm32f10x_dma.o(.text)
    Reset_Handler                            0x0800259d   Thumb Code     8  startup_stm32f10x_cl.o(.text)
    SysTick_Handler                          0x080025b5   Thumb Code     2  startup_stm32f10x_cl.o(.text)
    ADC1_2_IRQHandler                        0x080025b7   Thumb Code     0  startup_stm32f10x_cl.o(.text)
    CAN1_RX0_IRQHandler                      0x080025b7   Thumb Code     0  startup_stm32f10x_cl.o(.text)
    CAN1_RX1_IRQHandler                      0x080025b7   Thumb Code     0  startup_stm32f10x_cl.o(.text)
    CAN1_SCE_IRQHandler                      0x080025b7   Thumb Code     0  startup_stm32f10x_cl.o(.text)
    CAN1_TX_IRQHandler                       0x080025b7   Thumb Code     0  startup_stm32f10x_cl.o(.text)
    CAN2_RX0_IRQHandler                      0x080025b7   Thumb Code     0  startup_stm32f10x_cl.o(.text)
    CAN2_RX1_IRQHandler                      0x080025b7   Thumb Code     0  startup_stm32f10x_cl.o(.text)
    CAN2_SCE_IRQHandler                      0x080025b7   Thumb Code     0  startup_stm32f10x_cl.o(.text)
    CAN2_TX_IRQHandler                       0x080025b7   Thumb Code     0  startup_stm32f10x_cl.o(.text)
    DMA1_Channel1_IRQHandler                 0x080025b7   Thumb Code     0  startup_stm32f10x_cl.o(.text)
    DMA1_Channel2_IRQHandler                 0x080025b7   Thumb Code     0  startup_stm32f10x_cl.o(.text)
    DMA1_Channel3_IRQHandler                 0x080025b7   Thumb Code     0  startup_stm32f10x_cl.o(.text)
    DMA1_Channel4_IRQHandler                 0x080025b7   Thumb Code     0  startup_stm32f10x_cl.o(.text)
    DMA1_Channel5_IRQHandler                 0x080025b7   Thumb Code     0  startup_stm32f10x_cl.o(.text)
    DMA1_Channel6_IRQHandler                 0x080025b7   Thumb Code     0  startup_stm32f10x_cl.o(.text)
    DMA1_Channel7_IRQHandler                 0x080025b7   Thumb Code     0  startup_stm32f10x_cl.o(.text)
    DMA2_Channel1_IRQHandler                 0x080025b7   Thumb Code     0  startup_stm32f10x_cl.o(.text)
    DMA2_Channel2_IRQHandler                 0x080025b7   Thumb Code     0  startup_stm32f10x_cl.o(.text)
    DMA2_Channel3_IRQHandler                 0x080025b7   Thumb Code     0  startup_stm32f10x_cl.o(.text)
    DMA2_Channel4_IRQHandler                 0x080025b7   Thumb Code     0  startup_stm32f10x_cl.o(.text)
    DMA2_Channel5_IRQHandler                 0x080025b7   Thumb Code     0  startup_stm32f10x_cl.o(.text)
    ETH_IRQHandler                           0x080025b7   Thumb Code     0  startup_stm32f10x_cl.o(.text)
    ETH_WKUP_IRQHandler                      0x080025b7   Thumb Code     0  startup_stm32f10x_cl.o(.text)
    EXTI0_IRQHandler                         0x080025b7   Thumb Code     0  startup_stm32f10x_cl.o(.text)
    EXTI15_10_IRQHandler                     0x080025b7   Thumb Code     0  startup_stm32f10x_cl.o(.text)
    EXTI1_IRQHandler                         0x080025b7   Thumb Code     0  startup_stm32f10x_cl.o(.text)
    EXTI2_IRQHandler                         0x080025b7   Thumb Code     0  startup_stm32f10x_cl.o(.text)
    EXTI3_IRQHandler                         0x080025b7   Thumb Code     0  startup_stm32f10x_cl.o(.text)
    EXTI4_IRQHandler                         0x080025b7   Thumb Code     0  startup_stm32f10x_cl.o(.text)
    EXTI9_5_IRQHandler                       0x080025b7   Thumb Code     0  startup_stm32f10x_cl.o(.text)
    FLASH_IRQHandler                         0x080025b7   Thumb Code     0  startup_stm32f10x_cl.o(.text)
    I2C1_ER_IRQHandler                       0x080025b7   Thumb Code     0  startup_stm32f10x_cl.o(.text)
    I2C1_EV_IRQHandler                       0x080025b7   Thumb Code     0  startup_stm32f10x_cl.o(.text)
    I2C2_ER_IRQHandler                       0x080025b7   Thumb Code     0  startup_stm32f10x_cl.o(.text)
    I2C2_EV_IRQHandler                       0x080025b7   Thumb Code     0  startup_stm32f10x_cl.o(.text)
    OTG_FS_IRQHandler                        0x080025b7   Thumb Code     0  startup_stm32f10x_cl.o(.text)
    OTG_FS_WKUP_IRQHandler                   0x080025b7   Thumb Code     0  startup_stm32f10x_cl.o(.text)
    PVD_IRQHandler                           0x080025b7   Thumb Code     0  startup_stm32f10x_cl.o(.text)
    RCC_IRQHandler                           0x080025b7   Thumb Code     0  startup_stm32f10x_cl.o(.text)
    RTCAlarm_IRQHandler                      0x080025b7   Thumb Code     0  startup_stm32f10x_cl.o(.text)
    RTC_IRQHandler                           0x080025b7   Thumb Code     0  startup_stm32f10x_cl.o(.text)
    SPI1_IRQHandler                          0x080025b7   Thumb Code     0  startup_stm32f10x_cl.o(.text)
    SPI2_IRQHandler                          0x080025b7   Thumb Code     0  startup_stm32f10x_cl.o(.text)
    SPI3_IRQHandler                          0x080025b7   Thumb Code     0  startup_stm32f10x_cl.o(.text)
    TAMPER_IRQHandler                        0x080025b7   Thumb Code     0  startup_stm32f10x_cl.o(.text)
    TIM1_BRK_IRQHandler                      0x080025b7   Thumb Code     0  startup_stm32f10x_cl.o(.text)
    TIM1_CC_IRQHandler                       0x080025b7   Thumb Code     0  startup_stm32f10x_cl.o(.text)
    TIM1_TRG_COM_IRQHandler                  0x080025b7   Thumb Code     0  startup_stm32f10x_cl.o(.text)
    TIM1_UP_IRQHandler                       0x080025b7   Thumb Code     0  startup_stm32f10x_cl.o(.text)
    TIM2_IRQHandler                          0x080025b7   Thumb Code     0  startup_stm32f10x_cl.o(.text)
    TIM3_IRQHandler                          0x080025b7   Thumb Code     0  startup_stm32f10x_cl.o(.text)
    TIM4_IRQHandler                          0x080025b7   Thumb Code     0  startup_stm32f10x_cl.o(.text)
    TIM5_IRQHandler                          0x080025b7   Thumb Code     0  startup_stm32f10x_cl.o(.text)
    TIM6_IRQHandler                          0x080025b7   Thumb Code     0  startup_stm32f10x_cl.o(.text)
    TIM7_IRQHandler                          0x080025b7   Thumb Code     0  startup_stm32f10x_cl.o(.text)
    UART4_IRQHandler                         0x080025b7   Thumb Code     0  startup_stm32f10x_cl.o(.text)
    UART5_IRQHandler                         0x080025b7   Thumb Code     0  startup_stm32f10x_cl.o(.text)
    USART1_IRQHandler                        0x080025b7   Thumb Code     0  startup_stm32f10x_cl.o(.text)
    USART2_IRQHandler                        0x080025b7   Thumb Code     0  startup_stm32f10x_cl.o(.text)
    USART3_IRQHandler                        0x080025b7   Thumb Code     0  startup_stm32f10x_cl.o(.text)
    WWDG_IRQHandler                          0x080025b7   Thumb Code     0  startup_stm32f10x_cl.o(.text)
    __user_initial_stackheap                 0x080025b9   Thumb Code     0  startup_stm32f10x_cl.o(.text)
    delay                                    0x080025dd   Thumb Code    30  main.o(.text)
    main                                     0x080025fb   Thumb Code  1512  main.o(.text)
    NMI_Handler                              0x08002c01   Thumb Code     2  stm32f10x_it.o(.text)
    HardFault_Handler                        0x08002c03   Thumb Code     4  stm32f10x_it.o(.text)
    MemManage_Handler                        0x08002c07   Thumb Code     4  stm32f10x_it.o(.text)
    BusFault_Handler                         0x08002c0b   Thumb Code     4  stm32f10x_it.o(.text)
    UsageFault_Handler                       0x08002c0f   Thumb Code     4  stm32f10x_it.o(.text)
    SVC_Handler                              0x08002c13   Thumb Code     2  stm32f10x_it.o(.text)
    DebugMon_Handler                         0x08002c15   Thumb Code     2  stm32f10x_it.o(.text)
    PendSV_Handler                           0x08002c17   Thumb Code     2  stm32f10x_it.o(.text)
    Driver_MCU_Init                          0x08002c19   Thumb Code   202  ini.o(.text)
    GPIOB_ini                                0x08002ce3   Thumb Code   230  ini.o(.text)
    GPIOC_ini                                0x08002dc9   Thumb Code    38  ini.o(.text)
    GPIOA_ini                                0x08002def   Thumb Code   196  ini.o(.text)
    GPIOD_ini                                0x08002eb3   Thumb Code    36  ini.o(.text)
    uart_ini                                 0x08002ed7   Thumb Code    60  ini.o(.text)
    send_data                                0x08002f13   Thumb Code    40  ini.o(.text)
    print                                    0x08002f3b   Thumb Code    22  ini.o(.text)
    putnum                                   0x08002f51   Thumb Code   292  ini.o(.text)
    Adc2_Init                                0x08003075   Thumb Code   154  ini.o(.text)
    Adc1_Init                                0x0800310f   Thumb Code   162  ini.o(.text)
    DMA_Configuration                        0x080031b1   Thumb Code    86  ini.o(.text)
    TIM1_Int_Init                            0x08003207   Thumb Code    98  ini.o(.text)
    sys_ini                                  0x08003269   Thumb Code    24  ini.o(.text)
    lcd_delay                                0x08003299   Thumb Code    30  lcd.o(.text)
    LCD_Writ_Bus                             0x080032b7   Thumb Code    30  lcd.o(.text)
    LCD_WR_DATA                              0x080032d5   Thumb Code    20  lcd.o(.text)
    LCD_WR_REG                               0x080032e9   Thumb Code    20  lcd.o(.text)
    LCD_WR_REG_DATA                          0x080032fd   Thumb Code    20  lcd.o(.text)
    Address_set                              0x08003311   Thumb Code    94  lcd.o(.text)
    Lcd_Init                                 0x0800336f   Thumb Code   534  lcd.o(.text)
    LCD_Clear                                0x08003585   Thumb Code    48  lcd.o(.text)
    LCD_DrawPoint                            0x080035b5   Thumb Code    30  lcd.o(.text)
    LCD_Black                                0x080035d3   Thumb Code    58  lcd.o(.text)
    LCD_ShowChar                             0x0800360d   Thumb Code   176  lcd.o(.text)
    LCD_ShowString                           0x080036bd   Thumb Code    60  lcd.o(.text)
    Draw_Circle                              0x080036f9   Thumb Code   176  lcd.o(.text)
    putnums                                  0x080037a9   Thumb Code   224  lcd.o(.text)
    putfloatnums                             0x08003889   Thumb Code   334  lcd.o(.text)
    show_line1                               0x080039d7   Thumb Code    34  lcd.o(.text)
    show_line2                               0x080039f9   Thumb Code    34  lcd.o(.text)
    Touch_ini                                0x08003a31   Thumb Code    36  touch.o(.text)
    spi3_write                               0x08003a55   Thumb Code    66  touch.o(.text)
    ADS_Read_AD                              0x08003a97   Thumb Code   162  touch.o(.text)
    ADS_Read_XY                              0x08003b39   Thumb Code   124  touch.o(.text)
    Read_ADS                                 0x08003bb5   Thumb Code    46  touch.o(.text)
    GetPowerMag                              0x08003bed   Thumb Code   212  fft.o(.text)
    cr4_fft_1024_stm32                       0x08003ccd   Thumb Code     0  cr4_fft_1024_stm32.o(.text)
    __use_two_region_memory                  0x08004ead   Thumb Code     2  heapauxi.o(.text)
    __rt_heap_escrow$2region                 0x08004eaf   Thumb Code     2  heapauxi.o(.text)
    __rt_heap_expand$2region                 0x08004eb1   Thumb Code     2  heapauxi.o(.text)
    __read_errno                             0x08004eb3   Thumb Code    10  _rserrno.o(.text)
    __set_errno                              0x08004ebd   Thumb Code    12  _rserrno.o(.text)
    __aeabi_errno_addr                       0x08004ec9   Thumb Code     8  rt_errno_addr_intlibspace.o(.text)
    __errno$intlibspace                      0x08004ec9   Thumb Code     0  rt_errno_addr_intlibspace.o(.text)
    __rt_errno_addr$intlibspace              0x08004ec9   Thumb Code     0  rt_errno_addr_intlibspace.o(.text)
    __user_libspace                          0x08004ed1   Thumb Code     8  libspace.o(.text)
    __user_perproc_libspace                  0x08004ed1   Thumb Code     0  libspace.o(.text)
    __user_perthread_libspace                0x08004ed1   Thumb Code     0  libspace.o(.text)
    __user_setup_stackheap                   0x08004ed9   Thumb Code    74  sys_stackheap_outer.o(.text)
    exit                                     0x08004f23   Thumb Code    12  exit.o(.text)
    _sys_exit                                0x08004f31   Thumb Code     8  sys_exit.o(.text)
    __I$use$semihosting                      0x08004f3d   Thumb Code     0  use_no_semi.o(.text)
    __use_no_semihosting_swi                 0x08004f3d   Thumb Code     2  use_no_semi.o(.text)
    __semihosting_library_function           0x08004f3f   Thumb Code     0  indicate_semi.o(.text)
    sqrt                                     0x08004f3f   Thumb Code    78  sqrt.o(i.sqrt)
    __aeabi_d2f                              0x08004f8d   Thumb Code     0  d2f.o(x$fpl$d2f)
    _d2f                                     0x08004f8d   Thumb Code    98  d2f.o(x$fpl$d2f)
    __aeabi_ddiv                             0x08004ff1   Thumb Code     0  ddiv.o(x$fpl$ddiv)
    _ddiv                                    0x08004ff1   Thumb Code   552  ddiv.o(x$fpl$ddiv)
    __fpl_dnaninf                            0x080052a1   Thumb Code   156  dnaninf.o(x$fpl$dnaninf)
    __fpl_dretinf                            0x0800533d   Thumb Code    12  dretinf.o(x$fpl$dretinf)
    _dsqrt                                   0x08005349   Thumb Code   456  dsqrt_noumaal.o(x$fpl$dsqrt)
    __aeabi_f2d                              0x08005515   Thumb Code     0  f2d.o(x$fpl$f2d)
    _f2d                                     0x08005515   Thumb Code    86  f2d.o(x$fpl$f2d)
    __aeabi_fadd                             0x0800556d   Thumb Code     0  faddsub_clz.o(x$fpl$fadd)
    _fadd                                    0x0800556d   Thumb Code   196  faddsub_clz.o(x$fpl$fadd)
    __aeabi_fdiv                             0x08005631   Thumb Code     0  fdiv.o(x$fpl$fdiv)
    _fdiv                                    0x08005631   Thumb Code   384  fdiv.o(x$fpl$fdiv)
    __aeabi_f2iz                             0x080057b5   Thumb Code     0  ffix.o(x$fpl$ffix)
    _ffix                                    0x080057b5   Thumb Code    54  ffix.o(x$fpl$ffix)
    __aeabi_f2uiz                            0x080057ed   Thumb Code     0  ffixu.o(x$fpl$ffixu)
    _ffixu                                   0x080057ed   Thumb Code    62  ffixu.o(x$fpl$ffixu)
    __aeabi_i2f                              0x0800582d   Thumb Code     0  fflt_clz.o(x$fpl$fflt)
    _fflt                                    0x0800582d   Thumb Code    48  fflt_clz.o(x$fpl$fflt)
    __aeabi_fmul                             0x0800585d   Thumb Code     0  fmul.o(x$fpl$fmul)
    _fmul                                    0x0800585d   Thumb Code   258  fmul.o(x$fpl$fmul)
    __fpl_fnaninf                            0x0800595f   Thumb Code   140  fnaninf.o(x$fpl$fnaninf)
    __fpl_fretinf                            0x080059eb   Thumb Code    10  fretinf.o(x$fpl$fretinf)
    __aeabi_fsub                             0x080059f5   Thumb Code     0  faddsub_clz.o(x$fpl$fsub)
    _fsub                                    0x080059f5   Thumb Code   234  faddsub_clz.o(x$fpl$fsub)
    __I$use$fp                               0x08005ade   Number         0  usenofp.o(x$fpl$usenofp)
    Region$$Table$$Base                      0x08005ae0   Number         0  anon$$obj.o(Region$$Table)
    Region$$Table$$Limit                     0x08005b00   Number         0  anon$$obj.o(Region$$Table)
    SystemCoreClock                          0x20000000   Data           4  system_stm32f10x.o(.data)
    AHBPrescTable                            0x20000004   Data          16  system_stm32f10x.o(.data)
    BACK_COLOR                               0x20000028   Data           4  lcd.o(.data)
    POINT_COLOR                              0x2000002c   Data           4  lcd.o(.data)
    asc2_1608                                0x20000030   Data        1520  lcd.o(.data)
    wav_data                                 0x20000620   Data        2560  main.o(.bss)
    cacefft_1                                0x20001020   Data        1280  main.o(.bss)
    cacewav_1                                0x20001520   Data        1280  main.o(.bss)
    cacefft_2                                0x20001a20   Data        1280  main.o(.bss)
    cacewav_2                                0x20001f20   Data        1280  main.o(.bss)
    fre_data                                 0x20002420   Data        4096  main.o(.bss)
    ADC_Value                                0x20003420   Data       40960  ini.o(.bss)
    lBufOutArray                             0x2000d420   Data        4096  fft.o(.bss)
    lBufMagArray                             0x2000e420   Data        4096  fft.o(.bss)
    __libspace_start                         0x2000f420   Data          96  libspace.o(.bss)
    __temporary_stack_top$libspace           0x2000f480   Data           0  libspace.o(.bss)



==============================================================================

Memory Map of the image

  Image Entry point : 0x08000151

  Load Region LR_IROM1 (Base: 0x08000000, Size: 0x00006120, Max: 0x00040000, ABSOLUTE, COMPRESSED[0x00005e18])

    Execution Region ER_IROM1 (Base: 0x08000000, Size: 0x00005b00, Max: 0x00040000, ABSOLUTE)

    Base Addr    Size         Type   Attr      Idx    E Section Name        Object

    0x08000000   0x00000150   Data   RO          188    RESET               startup_stm32f10x_cl.o
    0x08000150   0x00000008   Code   RO          329  * !!!main             c_w.l(__main.o)
    0x08000158   0x00000034   Code   RO          549    !!!scatter          c_w.l(__scatter.o)
    0x0800018c   0x0000005a   Code   RO          547    !!dczerorl2         c_w.l(__dczerorl2.o)
    0x080001e6   0x00000002   PAD
    0x080001e8   0x0000001c   Code   RO          551    !!handler_zi        c_w.l(__scatter_zi.o)
    0x08000204   0x00000002   Code   RO          423    .ARM.Collect$$libinit$$00000000  c_w.l(libinit.o)
    0x08000206   0x00000000   Code   RO          427    .ARM.Collect$$libinit$$00000002  c_w.l(libinit2.o)
    0x08000206   0x00000000   Code   RO          430    .ARM.Collect$$libinit$$00000008  c_w.l(libinit2.o)
    0x08000206   0x00000000   Code   RO          432    .ARM.Collect$$libinit$$0000000A  c_w.l(libinit2.o)
    0x08000206   0x00000000   Code   RO          434    .ARM.Collect$$libinit$$0000000C  c_w.l(libinit2.o)
    0x08000206   0x00000000   Code   RO          437    .ARM.Collect$$libinit$$0000000F  c_w.l(libinit2.o)
    0x08000206   0x00000000   Code   RO          439    .ARM.Collect$$libinit$$00000011  c_w.l(libinit2.o)
    0x08000206   0x00000000   Code   RO          441    .ARM.Collect$$libinit$$00000013  c_w.l(libinit2.o)
    0x08000206   0x00000000   Code   RO          443    .ARM.Collect$$libinit$$00000015  c_w.l(libinit2.o)
    0x08000206   0x00000000   Code   RO          445    .ARM.Collect$$libinit$$00000017  c_w.l(libinit2.o)
    0x08000206   0x00000000   Code   RO          447    .ARM.Collect$$libinit$$00000019  c_w.l(libinit2.o)
    0x08000206   0x00000000   Code   RO          449    .ARM.Collect$$libinit$$0000001B  c_w.l(libinit2.o)
    0x08000206   0x00000000   Code   RO          451    .ARM.Collect$$libinit$$0000001D  c_w.l(libinit2.o)
    0x08000206   0x00000000   Code   RO          453    .ARM.Collect$$libinit$$0000001F  c_w.l(libinit2.o)
    0x08000206   0x00000000   Code   RO          455    .ARM.Collect$$libinit$$00000021  c_w.l(libinit2.o)
    0x08000206   0x00000000   Code   RO          457    .ARM.Collect$$libinit$$00000023  c_w.l(libinit2.o)
    0x08000206   0x00000000   Code   RO          461    .ARM.Collect$$libinit$$0000002A  c_w.l(libinit2.o)
    0x08000206   0x00000000   Code   RO          463    .ARM.Collect$$libinit$$0000002C  c_w.l(libinit2.o)
    0x08000206   0x00000000   Code   RO          465    .ARM.Collect$$libinit$$0000002E  c_w.l(libinit2.o)
    0x08000206   0x00000000   Code   RO          467    .ARM.Collect$$libinit$$00000030  c_w.l(libinit2.o)
    0x08000206   0x00000002   Code   RO          468    .ARM.Collect$$libinit$$00000031  c_w.l(libinit2.o)
    0x08000208   0x00000002   Code   RO          488    .ARM.Collect$$libshutdown$$00000000  c_w.l(libshutdown.o)
    0x0800020a   0x00000000   Code   RO          502    .ARM.Collect$$libshutdown$$00000003  c_w.l(libshutdown2.o)
    0x0800020a   0x00000000   Code   RO          505    .ARM.Collect$$libshutdown$$00000006  c_w.l(libshutdown2.o)
    0x0800020a   0x00000000   Code   RO          508    .ARM.Collect$$libshutdown$$00000009  c_w.l(libshutdown2.o)
    0x0800020a   0x00000000   Code   RO          510    .ARM.Collect$$libshutdown$$0000000B  c_w.l(libshutdown2.o)
    0x0800020a   0x00000000   Code   RO          513    .ARM.Collect$$libshutdown$$0000000E  c_w.l(libshutdown2.o)
    0x0800020a   0x00000002   Code   RO          514    .ARM.Collect$$libshutdown$$0000000F  c_w.l(libshutdown2.o)
    0x0800020c   0x00000000   Code   RO          373    .ARM.Collect$$rtentry$$00000000  c_w.l(rtentry.o)
    0x0800020c   0x00000000   Code   RO          390    .ARM.Collect$$rtentry$$00000002  c_w.l(rtentry2.o)
    0x0800020c   0x00000006   Code   RO          402    .ARM.Collect$$rtentry$$00000004  c_w.l(rtentry4.o)
    0x08000212   0x00000000   Code   RO          392    .ARM.Collect$$rtentry$$00000009  c_w.l(rtentry2.o)
    0x08000212   0x00000004   Code   RO          393    .ARM.Collect$$rtentry$$0000000A  c_w.l(rtentry2.o)
    0x08000216   0x00000000   Code   RO          395    .ARM.Collect$$rtentry$$0000000C  c_w.l(rtentry2.o)
    0x08000216   0x00000008   Code   RO          396    .ARM.Collect$$rtentry$$0000000D  c_w.l(rtentry2.o)
    0x0800021e   0x00000002   Code   RO          424    .ARM.Collect$$rtexit$$00000000  c_w.l(rtexit.o)
    0x08000220   0x00000000   Code   RO          470    .ARM.Collect$$rtexit$$00000002  c_w.l(rtexit2.o)
    0x08000220   0x00000004   Code   RO          471    .ARM.Collect$$rtexit$$00000003  c_w.l(rtexit2.o)
    0x08000224   0x00000006   Code   RO          472    .ARM.Collect$$rtexit$$00000004  c_w.l(rtexit2.o)
    0x0800022a   0x00000002   PAD
    0x0800022c   0x0000026c   Code   RO           17    .text               system_stm32f10x.o
    0x08000498   0x00000358   Code   RO           70    .text               stm32f10x_gpio.o
    0x080007f0   0x000004fc   Code   RO           82    .text               stm32f10x_rcc.o
    0x08000cec   0x00000408   Code   RO          111    .text               stm32f10x_usart.o
    0x080010f4   0x0000043c   Code   RO          126    .text               stm32f10x_adc.o
    0x08001530   0x00000e1a   Code   RO          156    .text               stm32f10x_tim.o
    0x0800234a   0x00000002   PAD
    0x0800234c   0x00000250   Code   RO          171    .text               stm32f10x_dma.o
    0x0800259c   0x00000040   Code   RO          189    .text               startup_stm32f10x_cl.o
    0x080025dc   0x00000624   Code   RO          193    .text               main.o
    0x08002c00   0x00000018   Code   RO          231    .text               stm32f10x_it.o
    0x08002c18   0x00000680   Code   RO          246    .text               ini.o
    0x08003298   0x00000798   Code   RO          268    .text               lcd.o
    0x08003a30   0x000001bc   Code   RO          286    .text               touch.o
    0x08003bec   0x000000e0   Code   RO          304    .text               fft.o
    0x08003ccc   0x000011e0   Code   RO          322    .text               cr4_fft_1024_stm32.o
    0x08004eac   0x00000006   Code   RO          327    .text               c_w.l(heapauxi.o)
    0x08004eb2   0x00000016   Code   RO          374    .text               c_w.l(_rserrno.o)
    0x08004ec8   0x00000008   Code   RO          407    .text               c_w.l(rt_errno_addr_intlibspace.o)
    0x08004ed0   0x00000008   Code   RO          411    .text               c_w.l(libspace.o)
    0x08004ed8   0x0000004a   Code   RO          414    .text               c_w.l(sys_stackheap_outer.o)
    0x08004f22   0x0000000c   Code   RO          416    .text               c_w.l(exit.o)
    0x08004f2e   0x00000002   PAD
    0x08004f30   0x0000000c   Code   RO          480    .text               c_w.l(sys_exit.o)
    0x08004f3c   0x00000002   Code   RO          491    .text               c_w.l(use_no_semi.o)
    0x08004f3e   0x00000000   Code   RO          493    .text               c_w.l(indicate_semi.o)
    0x08004f3e   0x0000004e   Code   RO          366    i.sqrt              m_ws.l(sqrt.o)
    0x08004f8c   0x00000062   Code   RO          331    x$fpl$d2f           fz_ws.l(d2f.o)
    0x08004fee   0x00000002   PAD
    0x08004ff0   0x000002b0   Code   RO          334    x$fpl$ddiv          fz_ws.l(ddiv.o)
    0x080052a0   0x0000009c   Code   RO          378    x$fpl$dnaninf       fz_ws.l(dnaninf.o)
    0x0800533c   0x0000000c   Code   RO          380    x$fpl$dretinf       fz_ws.l(dretinf.o)
    0x08005348   0x000001cc   Code   RO          382    x$fpl$dsqrt         fz_ws.l(dsqrt_noumaal.o)
    0x08005514   0x00000056   Code   RO          337    x$fpl$f2d           fz_ws.l(f2d.o)
    0x0800556a   0x00000002   PAD
    0x0800556c   0x000000c4   Code   RO          339    x$fpl$fadd          fz_ws.l(faddsub_clz.o)
    0x08005630   0x00000184   Code   RO          346    x$fpl$fdiv          fz_ws.l(fdiv.o)
    0x080057b4   0x00000036   Code   RO          349    x$fpl$ffix          fz_ws.l(ffix.o)
    0x080057ea   0x00000002   PAD
    0x080057ec   0x0000003e   Code   RO          353    x$fpl$ffixu         fz_ws.l(ffixu.o)
    0x0800582a   0x00000002   PAD
    0x0800582c   0x00000030   Code   RO          358    x$fpl$fflt          fz_ws.l(fflt_clz.o)
    0x0800585c   0x00000102   Code   RO          363    x$fpl$fmul          fz_ws.l(fmul.o)
    0x0800595e   0x0000008c   Code   RO          384    x$fpl$fnaninf       fz_ws.l(fnaninf.o)
    0x080059ea   0x0000000a   Code   RO          386    x$fpl$fretinf       fz_ws.l(fretinf.o)
    0x080059f4   0x000000ea   Code   RO          341    x$fpl$fsub          fz_ws.l(faddsub_clz.o)
    0x08005ade   0x00000000   Code   RO          388    x$fpl$usenofp       fz_ws.l(usenofp.o)
    0x08005ade   0x00000002   PAD
    0x08005ae0   0x00000020   Data   RO          545    Region$$Table       anon$$obj.o


    Execution Region RW_IRAM1 (Base: 0x20000000, Size: 0x0000fa80, Max: 0x00010000, ABSOLUTE, COMPRESSED[0x00000318])

    Base Addr    Size         Type   Attr      Idx    E Section Name        Object

    0x20000000   0x00000014   Data   RW           18    .data               system_stm32f10x.o
    0x20000014   0x00000014   Data   RW           83    .data               stm32f10x_rcc.o
    0x20000028   0x000005f8   Data   RW          269    .data               lcd.o
    0x20000620   0x00002e00   Zero   RW          194    .bss                main.o
    0x20003420   0x0000a000   Zero   RW          247    .bss                ini.o
    0x2000d420   0x00002000   Zero   RW          305    .bss                fft.o
    0x2000f420   0x00000060   Zero   RW          412    .bss                c_w.l(libspace.o)
    0x2000f480   0x00000200   Zero   RW          187    HEAP                startup_stm32f10x_cl.o
    0x2000f680   0x00000400   Zero   RW          186    STACK               startup_stm32f10x_cl.o


==============================================================================

Image component sizes


      Code (inc. data)   RO Data    RW Data    ZI Data      Debug   Object Name

         0          0          0          0          0       4256   core_cm3.o
      4576       4080          0          0          0        240   cr4_fft_1024_stm32.o
       224         12          0          0       8192       1126   fft.o
      1664         62          0          0      40960       4102   ini.o
      1944         40          0       1528          0       5509   lcd.o
      1572        150          0          0      11776       2477   main.o
        64         26        336          0       1536        736   startup_stm32f10x_cl.o
      1084         26          0          0          0      19661   stm32f10x_adc.o
       592          8          0          0          0      13966   stm32f10x_dma.o
       856         40          0          0          0       5493   stm32f10x_gpio.o
        24          0          0          0          0       1050   stm32f10x_it.o
      1276         72          0         20          0      10954   stm32f10x_rcc.o
      3610         88          0          0          0      42284   stm32f10x_tim.o
      1032         22          0          0          0      14216   stm32f10x_usart.o
       620         48          0         20          0     243159   system_stm32f10x.o
       444         10          0          0          0       1672   touch.o

    ----------------------------------------------------------------------
     19584       4684        368       1568      62464     370901   Object Totals
         0          0         32          0          0          0   (incl. Generated)
         2          0          0          0          0          0   (incl. Padding)

    ----------------------------------------------------------------------

      Code (inc. data)   RO Data    RW Data    ZI Data      Debug   Library Member Name

        90          0          0          0          0          0   __dczerorl2.o
         8          0          0          0          0         68   __main.o
        52          8          0          0          0          0   __scatter.o
        28          0          0          0          0          0   __scatter_zi.o
        22          0          0          0          0        100   _rserrno.o
        12          0          0          0          0         72   exit.o
         6          0          0          0          0        152   heapauxi.o
         0          0          0          0          0          0   indicate_semi.o
         2          0          0          0          0          0   libinit.o
         2          0          0          0          0          0   libinit2.o
         2          0          0          0          0          0   libshutdown.o
         2          0          0          0          0          0   libshutdown2.o
         8          4          0          0         96         68   libspace.o
         8          4          0          0          0         68   rt_errno_addr_intlibspace.o
         0          0          0          0          0          0   rtentry.o
        12          0          0          0          0          0   rtentry2.o
         6          0          0          0          0          0   rtentry4.o
         2          0          0          0          0          0   rtexit.o
        10          0          0          0          0          0   rtexit2.o
        12          4          0          0          0         68   sys_exit.o
        74          0          0          0          0         80   sys_stackheap_outer.o
         2          0          0          0          0         68   use_no_semi.o
        98          4          0          0          0         92   d2f.o
       688        140          0          0          0        212   ddiv.o
       156          4          0          0          0         92   dnaninf.o
        12          0          0          0          0         68   dretinf.o
       460         56          0          0          0        120   dsqrt_noumaal.o
        86          4          0          0          0         84   f2d.o
       430          8          0          0          0        168   faddsub_clz.o
       388         76          0          0          0         96   fdiv.o
        54          4          0          0          0         84   ffix.o
        62          4          0          0          0         84   ffixu.o
        48          0          0          0          0         68   fflt_clz.o
       258          4          0          0          0         84   fmul.o
       140          4          0          0          0         84   fnaninf.o
        10          0          0          0          0         68   fretinf.o
         0          0          0          0          0          0   usenofp.o
        78          0          0          0          0         84   sqrt.o

    ----------------------------------------------------------------------
      3344        328          0          0         96       2232   Library Totals
        16          0          0          0          0          0   (incl. Padding)

    ----------------------------------------------------------------------

      Code (inc. data)   RO Data    RW Data    ZI Data      Debug   Library Name

       360         20          0          0         96        744   c_w.l
      2890        308          0          0          0       1404   fz_ws.l
        78          0          0          0          0         84   m_ws.l

    ----------------------------------------------------------------------
      3344        328          0          0         96       2232   Library Totals

    ----------------------------------------------------------------------

==============================================================================


      Code (inc. data)   RO Data    RW Data    ZI Data      Debug   

     22928       5012        368       1568      62560     370689   Grand Totals
     22928       5012        368        792      62560     370689   ELF Image Totals (compressed)
     22928       5012        368        792          0          0   ROM Totals

==============================================================================

    Total RO  Size (Code + RO Data)                23296 (  22.75kB)
    Total RW  Size (RW Data + ZI Data)             64128 (  62.63kB)
    Total ROM Size (Code + RO Data + RW Data)      24088 (  23.52kB)

==============================================================================

