<html>
<body>
<pre>
<h1>µVision Build Log</h1>
<h2>Project:</h2>
C:\Users\Admin\Desktop\FFT\Project\SD.uvproj
Project File Date:  03/23/2018

<h2>Output:</h2>
Rebuild target 'Target 1'
compiling core_cm3.c...
compiling system_stm32f10x.c...
compiling misc.c...
compiling stm32f10x_gpio.c...
compiling stm32f10x_rcc.c...
compiling stm32f10x_spi.c...
compiling stm32f10x_usart.c...
compiling stm32f10x_adc.c...
compiling stm32f10x_exti.c...
compiling stm32f10x_tim.c...
compiling stm32f10x_dma.c...
assembling startup_stm32f10x_cl.s...
compiling main.c...
compiling stm32f10x_it.c...
compiling ini.c...
compiling LCD.c...
compiling touch.c...
compiling fft.c...
assembling cr4_fft_1024_stm32.s...
linking...
Program Size: Code=22928 RO-data=368 RW-data=1568 ZI-data=62560  
FromELF: creating hex file...
"SD.axf" - 0 Error(s), 0 Warning(s).
